Component: ARM Compiler 5.06 update 3 (build 300) Tool: armlink [4d35c9]

==============================================================================

Section Cross References

    startup_stm32f429xx.o(RESET) refers to startup_stm32f429xx.o(STACK) for __initial_sp
    startup_stm32f429xx.o(RESET) refers to startup_stm32f429xx.o(.text) for Reset_Handler
    startup_stm32f429xx.o(RESET) refers to stm32f4xx_it.o(i.NMI_Handler) for NMI_Handler
    startup_stm32f429xx.o(RESET) refers to stm32f4xx_it.o(i.HardFault_Handler) for HardFault_Handler
    startup_stm32f429xx.o(RESET) refers to stm32f4xx_it.o(i.MemManage_Handler) for MemManage_Handler
    startup_stm32f429xx.o(RESET) refers to stm32f4xx_it.o(i.BusFault_Handler) for BusFault_Handler
    startup_stm32f429xx.o(RESET) refers to stm32f4xx_it.o(i.UsageFault_Handler) for UsageFault_Handler
    startup_stm32f429xx.o(RESET) refers to stm32f4xx_it.o(i.SVC_Handler) for SVC_Handler
    startup_stm32f429xx.o(RESET) refers to stm32f4xx_it.o(i.DebugMon_Handler) for DebugMon_Handler
    startup_stm32f429xx.o(RESET) refers to stm32f4xx_it.o(i.PendSV_Handler) for PendSV_Handler
    startup_stm32f429xx.o(RESET) refers to stm32f4xx_it.o(i.SysTick_Handler) for SysTick_Handler
    startup_stm32f429xx.o(RESET) refers to stm32f4xx_it.o(i.DMA2D_IRQHandler) for DMA2D_IRQHandler
    startup_stm32f429xx.o(.text) refers to system_stm32f4xx.o(i.SystemInit) for SystemInit
    startup_stm32f429xx.o(.text) refers to entry.o(.ARM.Collect$$$$00000000) for __main
    lcd.o(i.LCD_Clear) refers to lcd.o(i.LCD_SetCursor) for LCD_SetCursor
    lcd.o(i.LCD_Clear) refers to lcd.o(i.LCD_WriteRAM_Prepare) for LCD_WriteRAM_Prepare
    lcd.o(i.LCD_Clear) refers to lcd.o(.bss) for .bss
    lcd.o(i.LCD_Color_Fill) refers to lcd.o(i.LCD_SetCursor) for LCD_SetCursor
    lcd.o(i.LCD_Color_Fill) refers to lcd.o(i.LCD_WriteRAM_Prepare) for LCD_WriteRAM_Prepare
    lcd.o(i.LCD_DisplayOff) refers to lcd.o(i.LCD_WR_REG) for LCD_WR_REG
    lcd.o(i.LCD_DisplayOff) refers to lcd.o(.bss) for .bss
    lcd.o(i.LCD_DisplayOn) refers to lcd.o(i.LCD_WR_REG) for LCD_WR_REG
    lcd.o(i.LCD_DisplayOn) refers to lcd.o(.bss) for .bss
    lcd.o(i.LCD_Display_Dir) refers to lcd.o(i.LCD_Scan_Dir) for LCD_Scan_Dir
    lcd.o(i.LCD_Display_Dir) refers to lcd.o(.bss) for .bss
    lcd.o(i.LCD_DrawLine) refers to lcd.o(i.LCD_DrawPoint) for LCD_DrawPoint
    lcd.o(i.LCD_DrawPoint) refers to lcd.o(i.LCD_SetCursor) for LCD_SetCursor
    lcd.o(i.LCD_DrawPoint) refers to lcd.o(i.LCD_WriteRAM_Prepare) for LCD_WriteRAM_Prepare
    lcd.o(i.LCD_DrawPoint) refers to lcd.o(.data) for .data
    lcd.o(i.LCD_DrawRectangle) refers to lcd.o(i.LCD_DrawLine) for LCD_DrawLine
    lcd.o(i.LCD_Draw_Circle) refers to lcd.o(i.LCD_DrawPoint) for LCD_DrawPoint
    lcd.o(i.LCD_Fast_DrawPoint) refers to lcd.o(i.LCD_WR_REG) for LCD_WR_REG
    lcd.o(i.LCD_Fast_DrawPoint) refers to lcd.o(i.LCD_WR_DATA) for LCD_WR_DATA
    lcd.o(i.LCD_Fast_DrawPoint) refers to lcd.o(.bss) for .bss
    lcd.o(i.LCD_Fill) refers to lcd.o(i.LCD_SetCursor) for LCD_SetCursor
    lcd.o(i.LCD_Fill) refers to lcd.o(i.LCD_WriteRAM_Prepare) for LCD_WriteRAM_Prepare
    lcd.o(i.LCD_Init) refers to stm32f4xx_hal_gpio.o(i.HAL_GPIO_Init) for HAL_GPIO_Init
    lcd.o(i.LCD_Init) refers to delay.o(i.delay_ms) for delay_ms
    lcd.o(i.LCD_Init) refers to lcd.o(i.LCD_WR_REG) for LCD_WR_REG
    lcd.o(i.LCD_Init) refers to lcd.o(i.LCD_RD_DATA) for LCD_RD_DATA
    lcd.o(i.LCD_Init) refers to lcd.o(i.LCD_WR_DATA) for LCD_WR_DATA
    lcd.o(i.LCD_Init) refers to lcd.o(.bss) for .bss
    lcd.o(i.LCD_Init) refers to lcd.o(i.LCD_WriteReg) for LCD_WriteReg
    lcd.o(i.LCD_Init) refers to delay.o(i.delay_us) for delay_us
    lcd.o(i.LCD_Init) refers to lcd.o(i.LCD_SSD_BackLightSet) for LCD_SSD_BackLightSet
    lcd.o(i.LCD_Init) refers to lcd.o(i.LCD_Display_Dir) for LCD_Display_Dir
    lcd.o(i.LCD_Init) refers to lcd.o(i.LCD_Clear) for LCD_Clear
    lcd.o(i.LCD_ReadPoint) refers to lcd.o(i.LCD_SetCursor) for LCD_SetCursor
    lcd.o(i.LCD_ReadPoint) refers to lcd.o(i.LCD_WR_REG) for LCD_WR_REG
    lcd.o(i.LCD_ReadPoint) refers to lcd.o(i.LCD_RD_DATA) for LCD_RD_DATA
    lcd.o(i.LCD_ReadPoint) refers to lcd.o(.bss) for .bss
    lcd.o(i.LCD_ReadReg) refers to lcd.o(i.LCD_WR_REG) for LCD_WR_REG
    lcd.o(i.LCD_ReadReg) refers to delay.o(i.delay_us) for delay_us
    lcd.o(i.LCD_ReadReg) refers to lcd.o(i.LCD_RD_DATA) for LCD_RD_DATA
    lcd.o(i.LCD_SSD_BackLightSet) refers to lcd.o(i.LCD_WR_REG) for LCD_WR_REG
    lcd.o(i.LCD_SSD_BackLightSet) refers to lcd.o(i.LCD_WR_DATA) for LCD_WR_DATA
    lcd.o(i.LCD_SSD_BackLightSet) refers to dfltui.o(.text) for __aeabi_ui2d
    lcd.o(i.LCD_SSD_BackLightSet) refers to dmul.o(.text) for __aeabi_dmul
    lcd.o(i.LCD_SSD_BackLightSet) refers to dfixui.o(.text) for __aeabi_d2uiz
    lcd.o(i.LCD_Scan_Dir) refers to lcd.o(i.LCD_WriteReg) for LCD_WriteReg
    lcd.o(i.LCD_Scan_Dir) refers to lcd.o(i.LCD_WR_REG) for LCD_WR_REG
[...]
    Removing image.o(.constdata__ZTIN8touchgfx5ImageE), (12 bytes).
    Removing image.o(.constdata__ZTSN8touchgfx5ImageE), (18 bytes).
    Removing lcd.o(.constdata__ZTVN8touchgfx3LCDE), (80 bytes).
    Removing lcd.o(i._ZN8touchgfx4Edge4stepEi), (156 bytes).
    Removing lcd.o(.ARM.exidx), (8 bytes).
    Removing lcd.o(i._ZN8touchgfx3LCDD2Ev), (2 bytes).
    Removing lcd.o(.ARM.exidx), (8 bytes).
    Removing lcd.o(i._ZN8touchgfx3LCDD0Ev), (4 bytes).
    Removing lcd.o(.ARM.exidx), (8 bytes).
    Removing lcd.o(.constdata__ZTIN8touchgfx3LCDE), (8 bytes).
    Removing lcd.o(.constdata__ZTSN8touchgfx3LCDE), (16 bytes).
    Removing screen.o(.constdata__ZTVN8touchgfx6ScreenE), (52 bytes).
    Removing screen.o(i._ZNK8touchgfx4RectanERKS0_), (166 bytes).
    Removing screen.o(.ARM.exidx), (8 bytes).
    Removing screen.o(i._ZN8touchgfx6ScreenD1Ev), (12 bytes).
    Removing screen.o(.ARM.exidx), (8 bytes).
    Removing screen.o(i._ZN8touchgfx6ScreenD0Ev), (12 bytes).
    Removing screen.o(.ARM.exidx), (8 bytes).
    Removing screen.o(i._ZN8touchgfx6Screen11setupScreenEv), (2 bytes).
    Removing screen.o(.ARM.exidx), (8 bytes).
    Removing screen.o(i._ZN8touchgfx6Screen15afterTransitionEv), (2 bytes).
    Removing screen.o(.ARM.exidx), (8 bytes).
    Removing screen.o(i._ZN8touchgfx6Screen14tearDownScreenEv), (2 bytes).
    Removing screen.o(.ARM.exidx), (8 bytes).
    Removing screen.o(i._ZN8touchgfx6Screen15handleTickEventEv), (2 bytes).
    Removing screen.o(.ARM.exidx), (8 bytes).
    Removing screen.o(i._ZN8touchgfx6Screen14handleKeyEventEh), (2 bytes).
    Removing screen.o(.ARM.exidx), (8 bytes).
    Removing screen.o(.constdata__ZTVN8touchgfx10ClickEventE), (20 bytes).
    Removing screen.o(.constdata__ZTVN8touchgfx9DragEventE), (20 bytes).
    Removing screen.o(.constdata__ZTVN8touchgfx12GestureEventE), (20 bytes).
    Removing screen.o(.constdata__ZTIN8touchgfx6ScreenE), (8 bytes).
    Removing screen.o(.constdata__ZTIN8touchgfx10ClickEventE), (12 bytes).
    Removing screen.o(.constdata__ZTIN8touchgfx9DragEventE), (12 bytes).
    Removing screen.o(.constdata__ZTIN8touchgfx12GestureEventE), (12 bytes).
    Removing screen.o(.constdata__ZTSN8touchgfx6ScreenE), (19 bytes).
    Removing screen.o(.constdata__ZTIN8touchgfx5EventE), (8 bytes).
    Removing screen.o(.constdata__ZTSN8touchgfx10ClickEventE), (24 bytes).
    Removing screen.o(.constdata__ZTSN8touchgfx9DragEventE), (22 bytes).
    Removing screen.o(.constdata__ZTSN8touchgfx12GestureEventE), (26 bytes).
    Removing screen.o(.constdata__ZTSN8touchgfx5EventE), (18 bytes).
    Removing screen.o(i._ZN8touchgfx10ClickEvent12getEventTypeEv), (4 bytes).
    Removing screen.o(.ARM.exidx), (8 bytes).
    Removing screen.o(i._ZN8touchgfx10ClickEventD1Ev), (2 bytes).
    Removing screen.o(.ARM.exidx), (8 bytes).
    Removing screen.o(i._ZN8touchgfx10ClickEventD0Ev), (4 bytes).
    Removing screen.o(.ARM.exidx), (8 bytes).
    Removing screen.o(i._ZN8touchgfx9DragEvent12getEventTypeEv), (4 bytes).
    Removing screen.o(.ARM.exidx), (8 bytes).
    Removing screen.o(i._ZN8touchgfx9DragEventD1Ev), (2 bytes).
    Removing screen.o(.ARM.exidx), (8 bytes).
    Removing screen.o(i._ZN8touchgfx9DragEventD0Ev), (4 bytes).
    Removing screen.o(.ARM.exidx), (8 bytes).
    Removing screen.o(i._ZN8touchgfx12GestureEvent12getEventTypeEv), (4 bytes).
    Removing screen.o(.ARM.exidx), (8 bytes).
    Removing screen.o(i._ZN8touchgfx12GestureEventD1Ev), (2 bytes).
    Removing screen.o(.ARM.exidx), (8 bytes).
    Removing screen.o(i._ZN8touchgfx12GestureEventD0Ev), (4 bytes).
    Removing screen.o(.ARM.exidx), (8 bytes).
    Removing abstractbutton.o(.constdata__ZTVN8touchgfx14AbstractButtonE), (108 bytes).
    Removing abstractbutton.o(i._ZN8touchgfx14AbstractButtonD2Ev), (2 bytes).
    Removing abstractbutton.o(.ARM.exidx), (8 bytes).
    Removing abstractbutton.o(i._ZN8touchgfx14AbstractButtonD0Ev), (4 bytes).
    Removing abstractbutton.o(.ARM.exidx), (8 bytes).
    Removing abstractbutton.o(.constdata__ZTIN8touchgfx14AbstractButtonE), (12 bytes).
    Removing abstractbutton.o(.constdata__ZTSN8touchgfx14AbstractButtonE), (28 bytes).

2088 unused section(s) (total 713128 bytes) removed from the image.

==============================================================================

Image Symbol Table

    Local Symbols

    Symbol Name                              Value     Ov Type        Size  Object(Section)

    ../../../clib/unwind_pr.c                0x00000000   Number         0  unwind_prcommon.o ABSOLUTE
    ../../../clib/unwind_pr.c                0x00000000   Number         0  unwind_pr0.o ABSOLUTE
    ../../../clib/unwinder.c                 0x00000000   Number         0  unwind_activity.o ABSOLUTE
    ../../../clib/unwinder.c                 0x00000000   Number         0  unwinder.o ABSOLUTE
    ../../../clib/unwinder.c                 0x00000000   Number         0  unwinder.o ABSOLUTE
    ../../../clib/unwinder.c                 0x00000000   Number         0  unwind_activity.o ABSOLUTE
    ../../../edgfe/lib_src/arm_exceptions.c  0x00000000   Number         0  arm_exceptions_callterm.o ABSOLUTE
    ../../../edgfe/lib_src/arm_exceptions.c  0x00000000   Number         0  arm_exceptions_mem.o ABSOLUTE
    ../../../edgfe/lib_src/arm_exceptions.c  0x00000000   Number         0  arm_exceptions_globs.o ABSOLUTE
    ../../../edgfe/lib_src/arm_exceptions.c  0x00000000   Number         0  arm_exceptions_terminate.o ABSOLUTE
    ../../../edgfe/lib_src/arm_exceptions.c  0x00000000   Number         0  arm_exceptions_support.o ABSOLUTE
    ../../../edgfe/lib_src/arm_noexceptions.c 0x00000000   Number         0  arm_begincatch_noexceptions.o ABSOLUTE
    ../../../edgfe/lib_src/delete.c          0x00000000   Number         0  delete.o ABSOLUTE
    ../../../edgfe/lib_src/guard.c           0x00000000   Number         0  cxa_guard_acquire.o ABSOLUTE
    ../../../edgfe/lib_src/guard.c           0x00000000   Number         0  cxa_guard_release.o ABSOLUTE
    ../../../edgfe/lib_src/pure_virt.c       0x00000000   Number         0  pure_virt.o ABSOLUTE
    ../../../edgfe/lib_src/typeinfo.c        0x00000000   Number         0  type_info_dtor.o ABSOLUTE
    ../../../edgfe/lib_src/typeinfo.c        0x00000000   Number         0  lib_rtti_impl.o ABSOLUTE
    ../../array_helpers.cpp                  0x00000000   Number         0  aeabi_vec_ctor_nocookie_nodtor.o ABSOLUTE
    ../Core/Src/main.c                       0x00000000   Number         0  main.o ABSOLUTE
    ../Core/Src/stm32f4xx_hal_msp.c          0x00000000   Number         0  stm32f4xx_hal_msp.o ABSOLUTE
    ../Core/Src/stm32f4xx_it.c               0x00000000   Number         0  stm32f4xx_it.o ABSOLUTE
    ../Core/Src/system_stm32f4xx.c           0x00000000   Number         0  system_stm32f4xx.o ABSOLUTE
    ../Drivers/STM32F4xx_HAL_Driver/Src/stm32f4xx_hal.c 0x00000000   Number         0  stm32f4xx_hal.o ABSOLUTE
    ../Drivers/STM32F4xx_HAL_Driver/Src/stm32f4xx_hal_cortex.c 0x00000000   Number         0  stm32f4xx_hal_cortex.o ABSOLUTE
    ../Drivers/STM32F4xx_HAL_Driver/Src/stm32f4xx_hal_crc.c 0x00000000   Number         0  stm32f4xx_hal_crc.o ABSOLUTE
    ../Drivers/STM32F4xx_HAL_Driver/Src/stm32f4xx_hal_dma.c 0x00000000   Number         0  stm32f4xx_hal_dma.o ABSOLUTE
    ../Drivers/STM32F4xx_HAL_Driver/Src/stm32f4xx_hal_dma2d.c 0x00000000   Number         0  stm32f4xx_hal_dma2d.o ABSOLUTE
    ../Drivers/STM32F4xx_HAL_Driver/Src/stm32f4xx_hal_dma_ex.c 0x00000000   Number         0  stm32f4xx_hal_dma_ex.o ABSOLUTE
    ../Drivers/STM32F4xx_HAL_Driver/Src/stm32f4xx_hal_exti.c 0x00000000   Number         0  stm32f4xx_hal_exti.o ABSOLUTE
    ../Drivers/STM32F4xx_HAL_Driver/Src/stm32f4xx_hal_flash.c 0x00000000   Number         0  stm32f4xx_hal_flash.o ABSOLUTE
    ../Drivers/STM32F4xx_HAL_Driver/Src/stm32f4xx_hal_flash_ex.c 0x00000000   Number         0  stm32f4xx_hal_flash_ex.o ABSOLUTE
    ../Drivers/STM32F4xx_HAL_Driver/Src/stm32f4xx_hal_flash_ramfunc.c 0x00000000   Number         0  stm32f4xx_hal_flash_ramfunc.o ABSOLUTE
    ../Drivers/STM32F4xx_HAL_Driver/Src/stm32f4xx_hal_gpio.c 0x00000000   Number         0  stm32f4xx_hal_gpio.o ABSOLUTE
    ../Drivers/STM32F4xx_HAL_Driver/Src/stm32f4xx_hal_pwr.c 0x00000000   Number         0  stm32f4xx_hal_pwr.o ABSOLUTE
    ../Drivers/STM32F4xx_HAL_Driver/Src/stm32f4xx_hal_pwr_ex.c 0x00000000   Number         0  stm32f4xx_hal_pwr_ex.o ABSOLUTE
    ../Drivers/STM32F4xx_HAL_Driver/Src/stm32f4xx_hal_rcc.c 0x00000000   Number         0  stm32f4xx_hal_rcc.o ABSOLUTE
    ../Drivers/STM32F4xx_HAL_Driver/Src/stm32f4xx_hal_rcc_ex.c 0x00000000   Number         0  stm32f4xx_hal_rcc_ex.o ABSOLUTE
    ../Drivers/STM32F4xx_HAL_Driver/Src/stm32f4xx_hal_sram.c 0x00000000   Number         0  stm32f4xx_hal_sram.o ABSOLUTE
    ../Drivers/STM32F4xx_HAL_Driver/Src/stm32f4xx_hal_tim.c 0x00000000   Number         0  stm32f4xx_hal_tim.o ABSOLUTE
    ../Drivers/STM32F4xx_HAL_Driver/Src/stm32f4xx_hal_tim_ex.c 0x00000000   Number         0  stm32f4xx_hal_tim_ex.o ABSOLUTE
    ../Drivers/STM32F4xx_HAL_Driver/Src/stm32f4xx_ll_fmc.c 0x00000000   Number         0  stm32f4xx_ll_fmc.o ABSOLUTE
    ../TouchGFX/App/app_touchgfx.c           0x00000000   Number         0  app_touchgfx.o ABSOLUTE
    ../TouchGFX/target/STM32TouchController.cpp 0x00000000   Number         0  stm32touchcontroller.o ABSOLUTE
    ../TouchGFX/target/TouchGFXGPIO.cpp      0x00000000   Number         0  touchgfxgpio.o ABSOLUTE
    ../TouchGFX/target/TouchGFXHAL.cpp       0x00000000   Number         0  touchgfxhal.o ABSOLUTE
    ../TouchGFX/target/generated/OSWrappers.cpp 0x00000000   Number         0  oswrappers.o ABSOLUTE
    ../TouchGFX/target/generated/STM32DMA.cpp 0x00000000   Number         0  stm32dma.o ABSOLUTE
    ../TouchGFX/target/generated/TouchGFXConfiguration.cpp 0x00000000   Number         0  touchgfxconfiguration.o ABSOLUTE
    ../TouchGFX/target/generated/TouchGFXGeneratedHAL.cpp 0x00000000   Number         0  touchgfxgeneratedhal.o ABSOLUTE
    ../clib/microlib/cpp/cpp_dtor.c          0x00000000   Number         0  cpp_dtor.o ABSOLUTE
    ../clib/microlib/cpp/cpp_final.c         0x00000000   Number         0  cpp_final.o ABSOLUTE
    ../clib/microlib/cpp/cpp_init.c          0x00000000   Number         0  cpp_init.o ABSOLUTE
    ../clib/microlib/cpp/cpp_init.c          0x00000000   Number         0  cpp_init.o ABSOLUTE
    ../clib/microlib/cpp/cpp_memory.c        0x00000000   Number         0  cpp_memory.o ABSOLUTE
    ../clib/microlib/cpp/cpp_signal.c        0x00000000   Number         0  cpp_signal.o ABSOLUTE
    ../clib/microlib/division.c              0x00000000   Number         0  uldiv.o ABSOLUTE
    ../clib/microlib/init/entry.s            0x00000000   Number         0  entry2.o ABSOLUTE
    ../clib/microlib/init/entry.s            0x00000000   Number         0  entry5.o ABSOLUTE
    ../clib/microlib/init/entry.s            0x00000000   Number         0  entry7a.o ABSOLUTE
    ../clib/microlib/init/entry.s            0x00000000   Number         0  entry11b.o ABSOLUTE
    ../clib/microlib/init/entry.s            0x00000000   Number         0  entry8b.o ABSOLUTE
    ../clib/microlib/init/entry.s            0x00000000   Number         0  entry9a.o ABSOLUTE
    ../clib/microlib/init/entry.s            0x00000000   Number         0  entry9b.o ABSOLUTE
    ../clib/microlib/init/entry.s            0x00000000   Number         0  entry10a.o ABSOLUTE
    ../clib/microlib/init/entry.s            0x00000000   Number         0  entry11a.o ABSOLUTE
    ../clib/microlib/init/entry.s            0x00000000   Number         0  entry.o ABSOLUTE
    ../clib/microlib/init/entry.s            0x00000000   Number         0  entry7b.o ABSOLUTE
    ../clib/microlib/init/entry.s            0x00000000   Number         0  entry8a.o ABSOLUTE
    ../clib/microlib/init/entry.s            0x00000000   Number         0  entry10b.o ABSOLUTE
    ../clib/microlib/longlong.c              0x00000000   Number         0  llshl.o ABSOLUTE
    ../clib/microlib/longlong.c              0x00000000   Number         0  llushr.o ABSOLUTE
    ../clib/microlib/malloc/malloc.c         0x00000000   Number         0  mallocra.o ABSOLUTE
    ../clib/microlib/malloc/malloc.c         0x00000000   Number         0  malloc.o ABSOLUTE
    ../clib/microlib/malloc/malloc.c         0x00000000   Number         0  mallocr.o ABSOLUTE
    ../clib/microlib/malloc/malloc.c         0x00000000   Number         0  malloca.o ABSOLUTE
    ../clib/microlib/malloc/mvars.c          0x00000000   Number         0  mvars.o ABSOLUTE
    ../clib/microlib/stdlib/abort.c          0x00000000   Number         0  abort.o ABSOLUTE
    ../clib/microlib/stdlib/bsearch.c        0x00000000   Number         0  bsearch.o ABSOLUTE
    ../clib/microlib/string/memcpy.c         0x00000000   Number         0  memcpya.o ABSOLUTE
    ../clib/microlib/string/memcpy.c         0x00000000   Number         0  memcpyb.o ABSOLUTE
    ../clib/microlib/string/memset.c         0x00000000   Number         0  memseta.o ABSOLUTE
    ../clib/microlib/stubs.s                 0x00000000   Number         0  iusefp.o ABSOLUTE
    ../clib/stdlib.c                         0x00000000   Number         0  aeabi_atexit.o ABSOLUTE
    ../clib/stdlib.c                         0x00000000   Number         0  cxa_finalize.o ABSOLUTE
    ../fplib/microlib/fpepilogue.c           0x00000000   Number         0  depilogue.o ABSOLUTE
    ../fplib/microlib/fpfix.c                0x00000000   Number         0  dfixui.o ABSOLUTE
    ../fplib/microlib/fpflt.c                0x00000000   Number         0  dfltui.o ABSOLUTE
    ../fplib/microlib/fpmul.c                0x00000000   Number         0  dmul.o ABSOLUTE
    ../touchgfx/generated/fonts/src/applicationfontprovider.cpp 0x00000000   Number         0  applicationfontprovider.o ABSOLUTE
    ../touchgfx/generated/fonts/src/cachedfont.cpp 0x00000000   Number         0  cachedfont.o ABSOLUTE
    ../touchgfx/generated/fonts/src/fontcache.cpp 0x00000000   Number         0  fontcache.o ABSOLUTE
    ../touchgfx/generated/fonts/src/generatedfont.cpp 0x00000000   Number         0  generatedfont.o ABSOLUTE
    ../touchgfx/generated/fonts/src/unmappeddatafont.cpp 0x00000000   Number         0  unmappeddatafont.o ABSOLUTE
    ../touchgfx/generated/gui_generated/src/common/frontendapplicationbase.cpp 0x00000000   Number         0  frontendapplicationbase.o ABSOLUTE
    ../touchgfx/generated/gui_generated/src/containers/customcontainer1base.cpp 0x00000000   Number         0  customcontainer1base.o ABSOLUTE
    ../touchgfx/generated/gui_generated/src/screen1_screen/screen1viewbase.cpp 0x00000000   Number         0  screen1viewbase.o ABSOLUTE
    ../touchgfx/generated/gui_generated/src/screen_screen/screenviewbase.cpp 0x00000000   Number         0  screenviewbase.o ABSOLUTE
    ../touchgfx/generated/images/src/__designer/image_blue_buttons_round_edge_icon_button.cpp 0x00000000   Number         0  image_blue_buttons_round_edge_icon_button.o ABSOLUTE
    ../touchgfx/generated/images/src/__designer/image_blue_buttons_round_edge_icon_button_pressed.cpp 0x00000000   Number         0  image_blue_buttons_round_edge_icon_button_pressed.o ABSOLUTE
    ../touchgfx/generated/images/src/bitmapdatabase.cpp 0x00000000   Number         0  bitmapdatabase.o ABSOLUTE
    ../touchgfx/generated/images/src/image_logo.cpp 0x00000000   Number         0  image_logo.o ABSOLUTE
    ../touchgfx/generated/images/src/image_logogo.cpp 0x00000000   Number         0  image_logogo.o ABSOLUTE
    ../touchgfx/generated/texts/src/texts.cpp 0x00000000   Number         0  texts.o ABSOLUTE
    ../touchgfx/generated/texts/src/typedtextdatabase.cpp 0x00000000   Number         0  typedtextdatabase.o ABSOLUTE
    ../touchgfx/gui/src/common/frontendapplication.cpp 0x00000000   Number         0  frontendapplication.o ABSOLUTE
    ../touchgfx/gui/src/containers/customcontainer1.cpp 0x00000000   Number         0  customcontainer1.o ABSOLUTE
    ../touchgfx/gui/src/model/model.cpp      0x00000000   Number         0  model.o ABSOLUTE
    ../touchgfx/gui/src/screen1_screen/screen1presenter.cpp 0x00000000   Number         0  screen1presenter.o ABSOLUTE
    ../touchgfx/gui/src/screen1_screen/screen1view.cpp 0x00000000   Number         0  screen1view.o ABSOLUTE
    ../touchgfx/gui/src/screen_screen/screenpresenter.cpp 0x00000000   Number         0  screenpresenter.o ABSOLUTE
    ../touchgfx/gui/src/screen_screen/screenview.cpp 0x00000000   Number         0  screenview.o ABSOLUTE
    ..\..\..\..\framework\source\common\AbstractPartition.cpp 0x00000000   Number         0  abstractpartition.o ABSOLUTE
    ..\..\..\..\framework\source\platform\driver\lcd\LCD16bpp.cpp 0x00000000   Number         0  lcd16bpp.o ABSOLUTE
    ..\..\..\..\framework\source\touchgfx\Application.cpp 0x00000000   Number         0  application.o ABSOLUTE
    ..\..\..\..\framework\source\touchgfx\Bitmap.cpp 0x00000000   Number         0  bitmap.o ABSOLUTE
    ..\..\..\..\framework\source\touchgfx\ConstFont.cpp 0x00000000   Number         0  constfont.o ABSOLUTE
    ..\..\..\..\framework\source\touchgfx\Drawable.cpp 0x00000000   Number         0  drawable.o ABSOLUTE
    ..\..\..\..\framework\source\touchgfx\Font.cpp 0x00000000   Number         0  font.o ABSOLUTE
    ..\..\..\..\framework\source\touchgfx\FontManager.cpp 0x00000000   Number         0  fontmanager.o ABSOLUTE
    ..\..\..\..\framework\source\touchgfx\Screen.cpp 0x00000000   Number         0  screen.o ABSOLUTE
    ..\..\..\..\framework\source\touchgfx\TextProvider.cpp 0x00000000   Number         0  textprovider.o ABSOLUTE
    ..\..\..\..\framework\source\touchgfx\TextureMapTypes.cpp 0x00000000   Number         0  texturemaptypes.o ABSOLUTE
    ..\..\..\..\framework\source\touchgfx\TypedText.cpp 0x00000000   Number         0  typedtext.o ABSOLUTE
    ..\..\..\..\framework\source\touchgfx\Unicode.cpp 0x00000000   Number         0  unicode.o ABSOLUTE
    ..\..\..\..\framework\source\touchgfx\Utils.cpp 0x00000000   Number         0  utils.o ABSOLUTE
    ..\..\..\..\framework\source\touchgfx\canvas_widget_renderer\CanvasWidgetRenderer.cpp 0x00000000   Number         0  canvaswidgetrenderer.o ABSOLUTE
    ..\..\..\..\framework\source\touchgfx\containers\Container.cpp 0x00000000   Number         0  container.o ABSOLUTE
    ..\..\..\..\framework\source\touchgfx\hal\DMA.cpp 0x00000000   Number         0  dma.o ABSOLUTE
    ..\..\..\..\framework\source\touchgfx\hal\Gestures.cpp 0x00000000   Number         0  gestures.o ABSOLUTE
    ..\..\..\..\framework\source\touchgfx\hal\HAL.cpp 0x00000000   Number         0  hal.o ABSOLUTE
    ..\..\..\..\framework\source\touchgfx\lcd\LCD.cpp 0x00000000   Number         0  lcd.o ABSOLUTE
    ..\..\..\..\framework\source\touchgfx\secure\stm32_crc_lock.c 0x00000000   Number         0  stm32_crc_lock.o ABSOLUTE
    ..\..\..\..\framework\source\touchgfx\transforms\DisplayTransformation.cpp 0x00000000   Number         0  displaytransformation.o ABSOLUTE
    ..\..\..\..\framework\source\touchgfx\transforms\TouchCalibration.cpp 0x00000000   Number         0  touchcalibration.o ABSOLUTE
    ..\..\..\..\framework\source\touchgfx\widgets\AbstractButton.cpp 0x00000000   Number         0  abstractbutton.o ABSOLUTE
    ..\..\..\..\framework\source\touchgfx\widgets\Box.cpp 0x00000000   Number         0  box.o ABSOLUTE
    ..\..\..\..\framework\source\touchgfx\widgets\Button.cpp 0x00000000   Number         0  button.o ABSOLUTE
    ..\..\..\..\framework\source\touchgfx\widgets\Image.cpp 0x00000000   Number         0  image.o ABSOLUTE
    ..\Core\Src\delay\delay.c                0x00000000   Number         0  delay.o ABSOLUTE
    ..\Core\Src\image.c                      0x00000000   Number         0  image.o ABSOLUTE
    ..\Core\Src\lcd.c                        0x00000000   Number         0  lcd.o ABSOLUTE
    ..\Core\Src\main.c                       0x00000000   Number         0  main.o ABSOLUTE
    ..\Core\Src\stm32f4xx_hal_msp.c          0x00000000   Number         0  stm32f4xx_hal_msp.o ABSOLUTE
    ..\Core\Src\stm32f4xx_it.c               0x00000000   Number         0  stm32f4xx_it.o ABSOLUTE
    ..\Core\Src\sys\sys.c                    0x00000000   Number         0  sys.o ABSOLUTE
    ..\Core\Src\system_stm32f4xx.c           0x00000000   Number         0  system_stm32f4xx.o ABSOLUTE
    ..\Drivers\STM32F4xx_HAL_Driver\Src\stm32f4xx_hal.c 0x00000000   Number         0  stm32f4xx_hal.o ABSOLUTE
    ..\Drivers\STM32F4xx_HAL_Driver\Src\stm32f4xx_hal_cortex.c 0x00000000   Number         0  stm32f4xx_hal_cortex.o ABSOLUTE
    ..\Drivers\STM32F4xx_HAL_Driver\Src\stm32f4xx_hal_crc.c 0x00000000   Number         0  stm32f4xx_hal_crc.o ABSOLUTE
    ..\Drivers\STM32F4xx_HAL_Driver\Src\stm32f4xx_hal_dma.c 0x00000000   Number         0  stm32f4xx_hal_dma.o ABSOLUTE
    ..\Drivers\STM32F4xx_HAL_Driver\Src\stm32f4xx_hal_dma2d.c 0x00000000   Number         0  stm32f4xx_hal_dma2d.o ABSOLUTE
    ..\Drivers\STM32F4xx_HAL_Driver\Src\stm32f4xx_hal_dma_ex.c 0x00000000   Number         0  stm32f4xx_hal_dma_ex.o ABSOLUTE
    ..\Drivers\STM32F4xx_HAL_Driver\Src\stm32f4xx_hal_exti.c 0x00000000   Number         0  stm32f4xx_hal_exti.o ABSOLUTE
    ..\Drivers\STM32F4xx_HAL_Driver\Src\stm32f4xx_hal_flash.c 0x00000000   Number         0  stm32f4xx_hal_flash.o ABSOLUTE
    ..\Drivers\STM32F4xx_HAL_Driver\Src\stm32f4xx_hal_flash_ex.c 0x00000000   Number         0  stm32f4xx_hal_flash_ex.o ABSOLUTE
    ..\Drivers\STM32F4xx_HAL_Driver\Src\stm32f4xx_hal_flash_ramfunc.c 0x00000000   Number         0  stm32f4xx_hal_flash_ramfunc.o ABSOLUTE
    ..\Drivers\STM32F4xx_HAL_Driver\Src\stm32f4xx_hal_gpio.c 0x00000000   Number         0  stm32f4xx_hal_gpio.o ABSOLUTE
    ..\Drivers\STM32F4xx_HAL_Driver\Src\stm32f4xx_hal_pwr.c 0x00000000   Number         0  stm32f4xx_hal_pwr.o ABSOLUTE
    ..\Drivers\STM32F4xx_HAL_Driver\Src\stm32f4xx_hal_pwr_ex.c 0x00000000   Number         0  stm32f4xx_hal_pwr_ex.o ABSOLUTE
    ..\Drivers\STM32F4xx_HAL_Driver\Src\stm32f4xx_hal_rcc.c 0x00000000   Number         0  stm32f4xx_hal_rcc.o ABSOLUTE
    ..\Drivers\STM32F4xx_HAL_Driver\Src\stm32f4xx_hal_rcc_ex.c 0x00000000   Number         0  stm32f4xx_hal_rcc_ex.o ABSOLUTE
    ..\Drivers\STM32F4xx_HAL_Driver\Src\stm32f4xx_hal_sram.c 0x00000000   Number         0  stm32f4xx_hal_sram.o ABSOLUTE
    ..\Drivers\STM32F4xx_HAL_Driver\Src\stm32f4xx_hal_tim.c 0x00000000   Number         0  stm32f4xx_hal_tim.o ABSOLUTE
    ..\Drivers\STM32F4xx_HAL_Driver\Src\stm32f4xx_hal_tim_ex.c 0x00000000   Number         0  stm32f4xx_hal_tim_ex.o ABSOLUTE
    ..\Drivers\STM32F4xx_HAL_Driver\Src\stm32f4xx_ll_fmc.c 0x00000000   Number         0  stm32f4xx_ll_fmc.o ABSOLUTE
    ..\TouchGFX\target\TouchGFXHAL.cpp       0x00000000   Number         0  touchgfxhal.o ABSOLUTE
    ..\TouchGFX\target\generated\OSWrappers.cpp 0x00000000   Number         0  oswrappers.o ABSOLUTE
    ..\TouchGFX\target\generated\STM32DMA.cpp 0x00000000   Number         0  stm32dma.o ABSOLUTE
    ..\TouchGFX\target\generated\TouchGFXConfiguration.cpp 0x00000000   Number         0  touchgfxconfiguration.o ABSOLUTE
    ..\TouchGFX\target\generated\TouchGFXGeneratedHAL.cpp 0x00000000   Number         0  touchgfxgeneratedhal.o ABSOLUTE
    ..\\Core\\Src\\delay\\delay.c            0x00000000   Number         0  delay.o ABSOLUTE
    ..\\Core\\Src\\lcd.c                     0x00000000   Number         0  lcd.o ABSOLUTE
    ..\\Core\\Src\\sys\\sys.c                0x00000000   Number         0  sys.o ABSOLUTE
    dc.s                                     0x00000000   Number         0  dc.o ABSOLUTE
    handlers.s                               0x00000000   Number         0  handlers.o ABSOLUTE
    init.s                                   0x00000000   Number         0  init.o ABSOLUTE
    startup_stm32f429xx.s                    0x00000000   Number         0  startup_stm32f429xx.o ABSOLUTE
    RESET                                    0x08000000   Section      428  startup_stm32f429xx.o(RESET)
    .ARM.Collect$$$$00000000                 0x080001ac   Section        0  entry.o(.ARM.Collect$$$$00000000)
    .ARM.Collect$$$$00000001                 0x080001ac   Section        4  entry2.o(.ARM.Collect$$$$00000001)
    .ARM.Collect$$$$00000004                 0x080001b0   Section        4  entry5.o(.ARM.Collect$$$$00000004)
    .ARM.Collect$$$$00000008                 0x080001b4   Section        0  entry7b.o(.ARM.Collect$$$$00000008)
    .ARM.Collect$$$$00000009                 0x080001b4   Section        4  entry8a.o(.ARM.Collect$$$$00000009)
    .ARM.Collect$$$$0000000A                 0x080001b8   Section        0  entry8b.o(.ARM.Collect$$$$0000000A)
    .ARM.Collect$$$$0000000B                 0x080001b8   Section        8  entry9a.o(.ARM.Collect$$$$0000000B)
    .ARM.Collect$$$$0000000D                 0x080001c0   Section        0  entry10a.o(.ARM.Collect$$$$0000000D)
    .ARM.Collect$$$$0000000E                 0x080001c0   Section        4  entry10b.o(.ARM.Collect$$$$0000000E)
    .ARM.Collect$$$$0000000F                 0x080001c4   Section        0  entry11a.o(.ARM.Collect$$$$0000000F)
    .ARM.Collect$$$$00002712                 0x080001c4   Section        4  entry2.o(.ARM.Collect$$$$00002712)
    __lit__00000000                          0x080001c4   Data           4  entry2.o(.ARM.Collect$$$$00002712)
    .text                                    0x080001c8   Section       36  startup_stm32f429xx.o(.text)
    $v0                                      0x080001c8   Number         0  startup_stm32f429xx.o(.text)
    .text                                    0x080001ec   Section        0  uldiv.o(.text)
    .text                                    0x0800024e   Section        0  memseta.o(.text)
    .text                                    0x08000274   Section        0  cpp_init.o(.text)
    .text                                    0x08000294   Section        0  aeabi_atexit.o(.text)
    .text                                    0x080002c2   Section        0  dmul.o(.text)
    .text                                    0x080003a6   Section        0  dfltui.o(.text)
    .text                                    0x080003c0   Section        0  dfixui.o(.text)
    .text                                    0x080003f2   Section        0  llshl.o(.text)
    .text                                    0x08000410   Section        0  llushr.o(.text)
    .text                                    0x08000430   Section        0  iusefp.o(.text)
    .text                                    0x08000430   Section        0  cpp_dtor.o(.text)
    .text                                    0x08000438   Section        0  cxa_finalize.o(.text)
    .text                                    0x0800047a   Section        0  depilogue.o(.text)
    .text                                    0x08000534   Section       36  init.o(.text)
    .text                                    0x08000558   Section        0  cpp_final.o(.text)
    i.BusFault_Handler                       0x0800055a   Section        0  stm32f4xx_it.o(i.BusFault_Handler)
    i.DMA2D_DisplayFrameAt                   0x0800055c   Section        0  main.o(i.DMA2D_DisplayFrameAt)
    DMA2D_DisplayFrameAt                     0x0800055d   Thumb Code    92  main.o(i.DMA2D_DisplayFrameAt)
    i.DMA2D_IRQHandler                       0x080005c4   Section        0  stm32f4xx_it.o(i.DMA2D_IRQHandler)
    i.DebugMon_Handler                       0x080005d0   Section        0  stm32f4xx_it.o(i.DebugMon_Handler)
    i.FMC_NORSRAM_Extended_Timing_Init       0x080005d4   Section        0  stm32f4xx_ll_fmc.o(i.FMC_NORSRAM_Extended_Timing_Init)
    i.FMC_NORSRAM_Init                       0x08000614   Section        0  stm32f4xx_ll_fmc.o(i.FMC_NORSRAM_Init)
    i.FMC_NORSRAM_Timing_Init                0x08000680   Section        0  stm32f4xx_ll_fmc.o(i.FMC_NORSRAM_Timing_Init)
    i.HAL_CRC_Init                           0x080006dc   Section        0  stm32f4xx_hal_crc.o(i.HAL_CRC_Init)
    i.HAL_CRC_MspInit                        0x08000700   Section        0  stm32f4xx_hal_msp.o(i.HAL_CRC_MspInit)
    i.HAL_DMA2D_CLUTLoadingCpltCallback      0x08000728   Section        0  stm32f4xx_hal_dma2d.o(i.HAL_DMA2D_CLUTLoadingCpltCallback)
    i.HAL_DMA2D_ConfigLayer                  0x0800072c   Section        0  stm32f4xx_hal_dma2d.o(i.HAL_DMA2D_ConfigLayer)
    i.HAL_DMA2D_IRQHandler                   0x080007d0   Section        0  stm32f4xx_hal_dma2d.o(i.HAL_DMA2D_IRQHandler)
    i.HAL_DMA2D_Init                         0x080008ee   Section        0  stm32f4xx_hal_dma2d.o(i.HAL_DMA2D_Init)
    i.HAL_DMA2D_LineEventCallback            0x08000948   Section        0  stm32f4xx_hal_dma2d.o(i.HAL_DMA2D_LineEventCallback)
    i.HAL_DMA2D_MspInit                      0x0800094c   Section        0  stm32f4xx_hal_msp.o(i.HAL_DMA2D_MspInit)
    i.HAL_FMC_MspInit                        0x08000988   Section        0  stm32f4xx_hal_msp.o(i.HAL_FMC_MspInit)
    HAL_FMC_MspInit                          0x08000989   Thumb Code    96  stm32f4xx_hal_msp.o(i.HAL_FMC_MspInit)
    i.HAL_GPIO_Init                          0x080009f8   Section        0  stm32f4xx_hal_gpio.o(i.HAL_GPIO_Init)
    i.HAL_GPIO_WritePin                      0x08000be0   Section        0  stm32f4xx_hal_gpio.o(i.HAL_GPIO_WritePin)
    i.HAL_GetTick                            0x08000bec   Section        0  stm32f4xx_hal.o(i.HAL_GetTick)
    i.HAL_IncTick                            0x08000bf8   Section        0  stm32f4xx_hal.o(i.HAL_IncTick)
    i.HAL_Init                               0x08000c08   Section        0  stm32f4xx_hal.o(i.HAL_Init)
    i.HAL_InitTick                           0x08000c3c   Section        0  stm32f4xx_hal.o(i.HAL_InitTick)
    i.HAL_MspInit                            0x08000c7c   Section        0  stm32f4xx_hal_msp.o(i.HAL_MspInit)
    i.HAL_NVIC_EnableIRQ                     0x08000cac   Section        0  stm32f4xx_hal_cortex.o(i.HAL_NVIC_EnableIRQ)
    i.HAL_NVIC_SetPriority                   0x08000cc8   Section        0  stm32f4xx_hal_cortex.o(i.HAL_NVIC_SetPriority)
    i.HAL_NVIC_SetPriorityGrouping           0x08000d08   Section        0  stm32f4xx_hal_cortex.o(i.HAL_NVIC_SetPriorityGrouping)
    i.HAL_PWREx_EnableOverDrive              0x08000d2c   Section        0  stm32f4xx_hal_pwr_ex.o(i.HAL_PWREx_EnableOverDrive)
    i.HAL_RCC_ClockConfig                    0x08000d9c   Section        0  stm32f4xx_hal_rcc.o(i.HAL_RCC_ClockConfig)
    i.HAL_RCC_GetSysClockFreq                0x08000ed0   Section        0  stm32f4xx_hal_rcc.o(i.HAL_RCC_GetSysClockFreq)
    i.HAL_RCC_OscConfig                      0x08000f34   Section        0  stm32f4xx_hal_rcc.o(i.HAL_RCC_OscConfig)
    i.HAL_SRAM_Init                          0x0800128c   Section        0  stm32f4xx_hal_sram.o(i.HAL_SRAM_Init)
    i.HAL_SRAM_MspInit                       0x080012e2   Section        0  stm32f4xx_hal_msp.o(i.HAL_SRAM_MspInit)
    i.HAL_SYSTICK_CLKSourceConfig            0x080012e6   Section        0  stm32f4xx_hal_cortex.o(i.HAL_SYSTICK_CLKSourceConfig)
    i.HAL_SYSTICK_Config                     0x080012fe   Section        0  stm32f4xx_hal_cortex.o(i.HAL_SYSTICK_Config)
    i.HardFault_Handler                      0x08001326   Section        0  stm32f4xx_it.o(i.HardFault_Handler)
    i.LCD_Clear                              0x08001328   Section        0  lcd.o(i.LCD_Clear)
    i.LCD_Display_Dir                        0x0800135c   Section        0  lcd.o(i.LCD_Display_Dir)
    i.LCD_Init                               0x08001434   Section        0  lcd.o(i.LCD_Init)
    i.LCD_RD_DATA                            0x08003768   Section        0  lcd.o(i.LCD_RD_DATA)
    i.LCD_SSD_BackLightSet                   0x0800377c   Section        0  lcd.o(i.LCD_SSD_BackLightSet)
    i.LCD_Scan_Dir                           0x080037cc   Section        0  lcd.o(i.LCD_Scan_Dir)
    i.LCD_SetCursor                          0x08003984   Section        0  lcd.o(i.LCD_SetCursor)
    i.LCD_Set_Window                         0x08003a88   Section        0  lcd.o(i.LCD_Set_Window)
    i.LCD_WR_DATA                            0x08003bf0   Section        0  lcd.o(i.LCD_WR_DATA)
    i.LCD_WR_REG                             0x08003c08   Section        0  lcd.o(i.LCD_WR_REG)
    i.LCD_WriteRAM_Prepare                   0x08003c20   Section        0  lcd.o(i.LCD_WriteRAM_Prepare)
    i.LCD_WriteReg                           0x08003c34   Section        0  lcd.o(i.LCD_WriteReg)
    i.LCD_update_framebuffer                 0x08003c44   Section        0  lcd.o(i.LCD_update_framebuffer)
    i.MX_DMA2D_Init                          0x08003c8c   Section        0  main.o(i.MX_DMA2D_Init)
    MX_DMA2D_Init                            0x08003c8d   Thumb Code    54  main.o(i.MX_DMA2D_Init)
    i.MX_FMC_Init                            0x08003ccc   Section        0  main.o(i.MX_FMC_Init)
    MX_FMC_Init                              0x08003ccd   Thumb Code   128  main.o(i.MX_FMC_Init)
    i.MX_GPIO_Init                           0x08003d54   Section        0  main.o(i.MX_GPIO_Init)
    MX_GPIO_Init                             0x08003d55   Thumb Code   296  main.o(i.MX_GPIO_Init)
    i.MemManage_Handler                      0x08003e94   Section        0  stm32f4xx_it.o(i.MemManage_Handler)
    i.NMI_Handler                            0x08003e96   Section        0  stm32f4xx_it.o(i.NMI_Handler)
    i.PendSV_Handler                         0x08003e98   Section        0  stm32f4xx_it.o(i.PendSV_Handler)
    i.SVC_Handler                            0x08003e9a   Section        0  stm32f4xx_it.o(i.SVC_Handler)
    i.SysTick_Handler                        0x08003e9c   Section        0  stm32f4xx_it.o(i.SysTick_Handler)
    i.SystemClock_Config                     0x08003ea0   Section        0  main.o(i.SystemClock_Config)
    i.SystemInit                             0x08003f40   Section        0  system_stm32f4xx.o(i.SystemInit)
    i.UsageFault_Handler                     0x08003f50   Section        0  stm32f4xx_it.o(i.UsageFault_Handler)
    i._ZN10STM32F4DMAC1Ev                    0x08003f54   Section        0  stm32dma.o(i._ZN10STM32F4DMAC1Ev)
    i._ZN10STM32F4DMAD1Ev                    0x08003f8c   Section        0  stm32dma.o(i._ZN10STM32F4DMAD1Ev)
    i._ZN11TouchGFXHALD1Ev                   0x08003fac   Section        0  touchgfxhal.o(i._ZN11TouchGFXHALD1Ev)
    i._ZN20STM32TouchControllerD1Ev          0x08003fae   Section        0  stm32touchcontroller.o(i._ZN20STM32TouchControllerD1Ev)
    i._ZN23ApplicationFontProviderD1Ev       0x08003fb0   Section        0  touchgfxconfiguration.o(i._ZN23ApplicationFontProviderD1Ev)
    i._ZN8touchgfx17LockFreeDMA_QueueC1EPNS_6BlitOpEm 0x08003fb4   Section        0  dma.o(i._ZN8touchgfx17LockFreeDMA_QueueC1EPNS_6BlitOpEm)
    i._ZN8touchgfx3HALC2ERNS_13DMA_InterfaceERNS_3LCDERNS_15TouchControllerEtt 0x08003fc8   Section        0  touchgfxconfiguration.o(i._ZN8touchgfx3HALC2ERNS_13DMA_InterfaceERNS_3LCDERNS_15TouchControllerEtt)
    i._ZN8touchgfx6BlitOpC1Ev                0x08004078   Section        0  stm32dma.o(i._ZN8touchgfx6BlitOpC1Ev)
    i._ZN8touchgfx8LCD16bppC1Ev              0x08004080   Section        0  lcd16bpp.o(i._ZN8touchgfx8LCD16bppC1Ev)
    i._ZN8touchgfx8LCD16bppD1Ev              0x080040c4   Section        0  lcd16bpp.o(i._ZN8touchgfx8LCD16bppD1Ev)
    i.__NVIC_SetPriority                     0x080040c6   Section        0  stm32f4xx_hal_cortex.o(i.__NVIC_SetPriority)
    __NVIC_SetPriority                       0x080040c7   Thumb Code    32  stm32f4xx_hal_cortex.o(i.__NVIC_SetPriority)
    i.__aeabi_vec_ctor_nocookie_nodtor       0x080040e6   Section        0  aeabi_vec_ctor_nocookie_nodtor.o(i.__aeabi_vec_ctor_nocookie_nodtor)
    i.__scatterload_copy                     0x0800410a   Section       14  handlers.o(i.__scatterload_copy)
    i.__scatterload_null                     0x08004118   Section        2  handlers.o(i.__scatterload_null)
    i.__scatterload_zeroinit                 0x0800411a   Section       14  handlers.o(i.__scatterload_zeroinit)
    i.__sti___15_Application_cpp             0x08004128   Section        0  application.o(i.__sti___15_Application_cpp)
    __sti___15_Application_cpp               0x08004129   Thumb Code    24  application.o(i.__sti___15_Application_cpp)
    i.__sti___25_TouchGFXConfiguration_cpp_f5abfd34 0x08004144   Section        0  touchgfxconfiguration.o(i.__sti___25_TouchGFXConfiguration_cpp_f5abfd34)
    __sti___25_TouchGFXConfiguration_cpp_f5abfd34 0x08004145   Thumb Code   102  touchgfxconfiguration.o(i.__sti___25_TouchGFXConfiguration_cpp_f5abfd34)
    i.__sti___7_LCD_cpp                      0x080041dc   Section        0  lcd.o(i.__sti___7_LCD_cpp)
    __sti___7_LCD_cpp                        0x080041dd   Thumb Code     8  lcd.o(i.__sti___7_LCD_cpp)
    i.delay_init                             0x080041e8   Section        0  delay.o(i.delay_init)
    i.delay_ms                               0x080041fc   Section        0  delay.o(i.delay_ms)
    i.delay_us                               0x08004218   Section        0  delay.o(i.delay_us)
    i.free                                   0x0800424c   Section        0  malloc.o(i.free)
    i.main                                   0x0800429c   Section        0  main.o(i.main)
    i.malloc                                 0x08004300   Section        0  malloc.o(i.malloc)
    .constdata                               0x0800436c   Section    456012  image.o(.constdata)
    .constdata                               0x080738b8   Section       16  system_stm32f4xx.o(.constdata)
    .constdata__ZTV10STM32F4DMA              0x080738c8   Section       80  stm32dma.o(.constdata__ZTV10STM32F4DMA)
    .constdata__ZTV11TouchGFXHAL             0x08073918   Section      188  touchgfxhal.o(.constdata__ZTV11TouchGFXHAL)
    .constdata__ZTV20STM32TouchController    0x080739d4   Section       24  stm32touchcontroller.o(.constdata__ZTV20STM32TouchController)
    .constdata__ZTV23ApplicationFontProvider 0x080739ec   Section       20  applicationfontprovider.o(.constdata__ZTV23ApplicationFontProvider)
    .constdata__ZTVN8touchgfx17LockFreeDMA_QueueE 0x08073a00   Section       36  dma.o(.constdata__ZTVN8touchgfx17LockFreeDMA_QueueE)
    .constdata__ZTVN8touchgfx3HALE           0x08073a24   Section      188  hal.o(.constdata__ZTVN8touchgfx3HALE)
    .constdata__ZTVN8touchgfx8LCD16bppE      0x08073ae0   Section       80  lcd16bpp.o(.constdata__ZTVN8touchgfx8LCD16bppE)
    .init_array                              0x08073b60   Section        4  touchgfxconfiguration.o(.init_array)
    .init_array                              0x08073b64   Section        4  application.o(.init_array)
    .init_array                              0x08073b68   Section        4  lcd.o(.init_array)
    .init_array                              0x08073b6c   Section        0  cpp_init.o(.init_array)
    .data                                    0x10000000   Section        4  delay.o(.data)
    fac_us                                   0x10000000   Data           4  delay.o(.data)
    .data                                    0x10000004   Section        8  main.o(.data)
    .data                                    0x1000000c   Section        8  stm32f4xx_hal_msp.o(.data)
    FMC_Initialized                          0x1000000c   Data           4  stm32f4xx_hal_msp.o(.data)
    FMC_DeInitialized                        0x10000010   Data           4  stm32f4xx_hal_msp.o(.data)
    .data                                    0x10000014   Section       12  stm32f4xx_hal.o(.data)
    .data                                    0x10000020   Section        4  system_stm32f4xx.o(.data)
    .data                                    0x10000024   Section       12  touchgfxconfiguration.o(.data)
    texts                                    0x10000024   Data           1  touchgfxconfiguration.o(.data)
    tc                                       0x10000028   Data           4  touchgfxconfiguration.o(.data)
    fontProvider                             0x1000002c   Data           4  touchgfxconfiguration.o(.data)
    .data                                    0x10000030   Section       28  application.o(.data)
    touchgfx::rects                          0x10000030   Data           2  application.o(.data)
    .data                                    0x1000004c   Section       20  hal.o(.data)
    touchTickCnt                             0x10000050   Data           1  hal.o(.data)
    .data                                    0x10000060   Section        4  lcd.o(.data)
    .data                                    0x10000064   Section        4  cpp_dtor.o(.data)
    ddtor_pointer                            0x10000064   Data           4  cpp_dtor.o(.data)
    .data                                    0x10000068   Section        4  mvars.o(.data)
    .data                                    0x1000006c   Section        4  mvars.o(.data)
    .bss                                     0x10000070   Section       14  lcd.o(.bss)
    .bss                                     0x10000080   Section     3348  touchgfxconfiguration.o(.bss)
    dma                                      0x10000080   Data        3104  touchgfxconfiguration.o(.bss)
    display                                  0x10000ca0   Data         120  touchgfxconfiguration.o(.bss)
    hal                                      0x10000d18   Data         124  touchgfxconfiguration.o(.bss)
    HEAP                                     0x10000d98   Section      512  startup_stm32f429xx.o(HEAP)
    STACK                                    0x10000f98   Section     1024  startup_stm32f429xx.o(STACK)
    .bss                                     0x20000000   Section    153744  main.o(.bss)

    Global Symbols

    Symbol Name                              Value     Ov Type        Size  Object(Section)

    BuildAttributes$$THM_ISAv4$E$P$D$K$B$S$7EM$VFPi3$EXTD16$VFPS$VFMA$PE$A:L22UL41UL21$X:L11$S22US41US21$IEEE1$IW$USESV6$~STKCKD$USESV7$~SHL$OTIME$ROPI$EBA8$UX$MICROLIB$REQ8$PRES8$EABIv2 0x00000000   Number         0  anon$$obj.o ABSOLUTE
    __ARM_use_no_argv                        0x00000000   Number         0  main.o ABSOLUTE
    SHT$$ARM_EXIDX$$Base                      - Undefined Reference
    SHT$$ARM_EXIDX$$Limit                     - Undefined Reference
    __ARM::default_unexpected_handler()       - Undefined Weak Reference
    typeinfo for touchgfx::FontDataReader     - Undefined Weak Reference
    typeinfo for touchgfx::FlashDataReader    - Undefined Weak Reference
    typeinfo for touchgfx::GenericCallback<touchgfx::Drawable&, void, void>  - Undefined Weak Reference
    typeinfo for touchgfx::ButtonController   - Undefined Weak Reference
    typeinfo for touchgfx::MCUInstrumentation  - Undefined Weak Reference
    typeinfo for touchgfx::FrameBufferAllocator  - Undefined Weak Reference
    __ARM_exceptions_buffer_required          - Undefined Weak Reference
    __aeabi_unwind_cpp_pr1                    - Undefined Weak Reference
    __aeabi_unwind_cpp_pr2                    - Undefined Weak Reference
    __cxa_begin_cleanup                       - Undefined Weak Reference
    __cxa_call_unexpected                     - Undefined Weak Reference
    __cxa_type_match                          - Undefined Weak Reference
    __decompress                              - Undefined Weak Reference
    _clock_init                               - Undefined Weak Reference
    _microlib_exit                            - Undefined Weak Reference
    __Vectors_Size                           0x000001ac   Number         0  startup_stm32f429xx.o ABSOLUTE
    __Vectors                                0x08000000   Data           4  startup_stm32f429xx.o(RESET)
    __dso_handle                             0x08000000   Number         0  startup_stm32f429xx.o(RESET)
    __Vectors_End                            0x080001ac   Data           0  startup_stm32f429xx.o(RESET)
    __main                                   0x080001ad   Thumb Code     0  entry.o(.ARM.Collect$$$$00000000)
    _main_stk                                0x080001ad   Thumb Code     0  entry2.o(.ARM.Collect$$$$00000001)
    _main_scatterload                        0x080001b1   Thumb Code     0  entry5.o(.ARM.Collect$$$$00000004)
    __main_after_scatterload                 0x080001b5   Thumb Code     0  entry5.o(.ARM.Collect$$$$00000004)
    _main_clock                              0x080001b5   Thumb Code     0  entry7b.o(.ARM.Collect$$$$00000008)
    _main_cpp_init$empty                     0x080001b5   Thumb Code     0  entry8a.o(.ARM.Collect$$$$00000009)
    _main_cpp_init                           0x080001b9   Thumb Code     0  entry8b.o(.ARM.Collect$$$$0000000A)
    _main_init                               0x080001b9   Thumb Code     0  entry9a.o(.ARM.Collect$$$$0000000B)
    __rt_final_cpp                           0x080001c1   Thumb Code     0  entry10a.o(.ARM.Collect$$$$0000000D)
    __rt_final_cpp$nonempty                  0x080001c1   Thumb Code     0  entry10b.o(.ARM.Collect$$$$0000000E)
    __rt_final_exit                          0x080001c5   Thumb Code     0  entry11a.o(.ARM.Collect$$$$0000000F)
    Reset_Handler                            0x080001c9   Thumb Code     8  startup_stm32f429xx.o(.text)
    ADC_IRQHandler                           0x080001e3   Thumb Code     0  startup_stm32f429xx.o(.text)
    CAN1_RX0_IRQHandler                      0x080001e3   Thumb Code     0  startup_stm32f429xx.o(.text)
    CAN1_RX1_IRQHandler                      0x080001e3   Thumb Code     0  startup_stm32f429xx.o(.text)
    CAN1_SCE_IRQHandler                      0x080001e3   Thumb Code     0  startup_stm32f429xx.o(.text)
    CAN1_TX_IRQHandler                       0x080001e3   Thumb Code     0  startup_stm32f429xx.o(.text)
    CAN2_RX0_IRQHandler                      0x080001e3   Thumb Code     0  startup_stm32f429xx.o(.text)
    CAN2_RX1_IRQHandler                      0x080001e3   Thumb Code     0  startup_stm32f429xx.o(.text)
    CAN2_SCE_IRQHandler                      0x080001e3   Thumb Code     0  startup_stm32f429xx.o(.text)
    CAN2_TX_IRQHandler                       0x080001e3   Thumb Code     0  startup_stm32f429xx.o(.text)
    DCMI_IRQHandler                          0x080001e3   Thumb Code     0  startup_stm32f429xx.o(.text)
    DMA1_Stream0_IRQHandler                  0x080001e3   Thumb Code     0  startup_stm32f429xx.o(.text)
    DMA1_Stream1_IRQHandler                  0x080001e3   Thumb Code     0  startup_stm32f429xx.o(.text)
    DMA1_Stream2_IRQHandler                  0x080001e3   Thumb Code     0  startup_stm32f429xx.o(.text)
    DMA1_Stream3_IRQHandler                  0x080001e3   Thumb Code     0  startup_stm32f429xx.o(.text)
    DMA1_Stream4_IRQHandler                  0x080001e3   Thumb Code     0  startup_stm32f429xx.o(.text)
    DMA1_Stream5_IRQHandler                  0x080001e3   Thumb Code     0  startup_stm32f429xx.o(.text)
    DMA1_Stream6_IRQHandler                  0x080001e3   Thumb Code     0  startup_stm32f429xx.o(.text)
    DMA1_Stream7_IRQHandler                  0x080001e3   Thumb Code     0  startup_stm32f429xx.o(.text)
    DMA2_Stream0_IRQHandler                  0x080001e3   Thumb Code     0  startup_stm32f429xx.o(.text)
    DMA2_Stream1_IRQHandler                  0x080001e3   Thumb Code     0  startup_stm32f429xx.o(.text)
    DMA2_Stream2_IRQHandler                  0x080001e3   Thumb Code     0  startup_stm32f429xx.o(.text)
    DMA2_Stream3_IRQHandler                  0x080001e3   Thumb Code     0  startup_stm32f429xx.o(.text)
    DMA2_Stream4_IRQHandler                  0x080001e3   Thumb Code     0  startup_stm32f429xx.o(.text)
    DMA2_Stream5_IRQHandler                  0x080001e3   Thumb Code     0  startup_stm32f429xx.o(.text)
    DMA2_Stream6_IRQHandler                  0x080001e3   Thumb Code     0  startup_stm32f429xx.o(.text)
    DMA2_Stream7_IRQHandler                  0x080001e3   Thumb Code     0  startup_stm32f429xx.o(.text)
    ETH_IRQHandler                           0x080001e3   Thumb Code     0  startup_stm32f429xx.o(.text)
    ETH_WKUP_IRQHandler                      0x080001e3   Thumb Code     0  startup_stm32f429xx.o(.text)
    EXTI0_IRQHandler                         0x080001e3   Thumb Code     0  startup_stm32f429xx.o(.text)
    EXTI15_10_IRQHandler                     0x080001e3   Thumb Code     0  startup_stm32f429xx.o(.text)
    EXTI1_IRQHandler                         0x080001e3   Thumb Code     0  startup_stm32f429xx.o(.text)
    EXTI2_IRQHandler                         0x080001e3   Thumb Code     0  startup_stm32f429xx.o(.text)
    EXTI3_IRQHandler                         0x080001e3   Thumb Code     0  startup_stm32f429xx.o(.text)
    EXTI4_IRQHandler                         0x080001e3   Thumb Code     0  startup_stm32f429xx.o(.text)
    EXTI9_5_IRQHandler                       0x080001e3   Thumb Code     0  startup_stm32f429xx.o(.text)
    FLASH_IRQHandler                         0x080001e3   Thumb Code     0  startup_stm32f429xx.o(.text)
    FMC_IRQHandler                           0x080001e3   Thumb Code     0  startup_stm32f429xx.o(.text)
    FPU_IRQHandler                           0x080001e3   Thumb Code     0  startup_stm32f429xx.o(.text)
    HASH_RNG_IRQHandler                      0x080001e3   Thumb Code     0  startup_stm32f429xx.o(.text)
    I2C1_ER_IRQHandler                       0x080001e3   Thumb Code     0  startup_stm32f429xx.o(.text)
    I2C1_EV_IRQHandler                       0x080001e3   Thumb Code     0  startup_stm32f429xx.o(.text)
    I2C2_ER_IRQHandler                       0x080001e3   Thumb Code     0  startup_stm32f429xx.o(.text)
    I2C2_EV_IRQHandler                       0x080001e3   Thumb Code     0  startup_stm32f429xx.o(.text)
    I2C3_ER_IRQHandler                       0x080001e3   Thumb Code     0  startup_stm32f429xx.o(.text)
    I2C3_EV_IRQHandler                       0x080001e3   Thumb Code     0  startup_stm32f429xx.o(.text)
    LTDC_ER_IRQHandler                       0x080001e3   Thumb Code     0  startup_stm32f429xx.o(.text)
    LTDC_IRQHandler                          0x080001e3   Thumb Code     0  startup_stm32f429xx.o(.text)
    OTG_FS_IRQHandler                        0x080001e3   Thumb Code     0  startup_stm32f429xx.o(.text)
    OTG_FS_WKUP_IRQHandler                   0x080001e3   Thumb Code     0  startup_stm32f429xx.o(.text)
    OTG_HS_EP1_IN_IRQHandler                 0x080001e3   Thumb Code     0  startup_stm32f429xx.o(.text)
    OTG_HS_EP1_OUT_IRQHandler                0x080001e3   Thumb Code     0  startup_stm32f429xx.o(.text)
    OTG_HS_IRQHandler                        0x080001e3   Thumb Code     0  startup_stm32f429xx.o(.text)
    OTG_HS_WKUP_IRQHandler                   0x080001e3   Thumb Code     0  startup_stm32f429xx.o(.text)
    PVD_IRQHandler                           0x080001e3   Thumb Code     0  startup_stm32f429xx.o(.text)
    RCC_IRQHandler                           0x080001e3   Thumb Code     0  startup_stm32f429xx.o(.text)
    RTC_Alarm_IRQHandler                     0x080001e3   Thumb Code     0  startup_stm32f429xx.o(.text)
    RTC_WKUP_IRQHandler                      0x080001e3   Thumb Code     0  startup_stm32f429xx.o(.text)
    SAI1_IRQHandler                          0x080001e3   Thumb Code     0  startup_stm32f429xx.o(.text)
    SDIO_IRQHandler                          0x080001e3   Thumb Code     0  startup_stm32f429xx.o(.text)
    SPI1_IRQHandler                          0x080001e3   Thumb Code     0  startup_stm32f429xx.o(.text)
    SPI2_IRQHandler                          0x080001e3   Thumb Code     0  startup_stm32f429xx.o(.text)
    SPI3_IRQHandler                          0x080001e3   Thumb Code     0  startup_stm32f429xx.o(.text)
    SPI4_IRQHandler                          0x080001e3   Thumb Code     0  startup_stm32f429xx.o(.text)
    SPI5_IRQHandler                          0x080001e3   Thumb Code     0  startup_stm32f429xx.o(.text)
    SPI6_IRQHandler                          0x080001e3   Thumb Code     0  startup_stm32f429xx.o(.text)
    TAMP_STAMP_IRQHandler                    0x080001e3   Thumb Code     0  startup_stm32f429xx.o(.text)
    TIM1_BRK_TIM9_IRQHandler                 0x080001e3   Thumb Code     0  startup_stm32f429xx.o(.text)
    TIM1_CC_IRQHandler                       0x080001e3   Thumb Code     0  startup_stm32f429xx.o(.text)
    TIM1_TRG_COM_TIM11_IRQHandler            0x080001e3   Thumb Code     0  startup_stm32f429xx.o(.text)
    TIM1_UP_TIM10_IRQHandler                 0x080001e3   Thumb Code     0  startup_stm32f429xx.o(.text)
    TIM2_IRQHandler                          0x080001e3   Thumb Code     0  startup_stm32f429xx.o(.text)
    TIM3_IRQHandler                          0x080001e3   Thumb Code     0  startup_stm32f429xx.o(.text)
    TIM4_IRQHandler                          0x080001e3   Thumb Code     0  startup_stm32f429xx.o(.text)
    TIM5_IRQHandler                          0x080001e3   Thumb Code     0  startup_stm32f429xx.o(.text)
    TIM6_DAC_IRQHandler                      0x080001e3   Thumb Code     0  startup_stm32f429xx.o(.text)
    TIM7_IRQHandler                          0x080001e3   Thumb Code     0  startup_stm32f429xx.o(.text)
    TIM8_BRK_TIM12_IRQHandler                0x080001e3   Thumb Code     0  startup_stm32f429xx.o(.text)
    TIM8_CC_IRQHandler                       0x080001e3   Thumb Code     0  startup_stm32f429xx.o(.text)
    TIM8_TRG_COM_TIM14_IRQHandler            0x080001e3   Thumb Code     0  startup_stm32f429xx.o(.text)
    TIM8_UP_TIM13_IRQHandler                 0x080001e3   Thumb Code     0  startup_stm32f429xx.o(.text)
    UART4_IRQHandler                         0x080001e3   Thumb Code     0  startup_stm32f429xx.o(.text)
    UART5_IRQHandler                         0x080001e3   Thumb Code     0  startup_stm32f429xx.o(.text)
    UART7_IRQHandler                         0x080001e3   Thumb Code     0  startup_stm32f429xx.o(.text)
    UART8_IRQHandler                         0x080001e3   Thumb Code     0  startup_stm32f429xx.o(.text)
    USART1_IRQHandler                        0x080001e3   Thumb Code     0  startup_stm32f429xx.o(.text)
    USART2_IRQHandler                        0x080001e3   Thumb Code     0  startup_stm32f429xx.o(.text)
    USART3_IRQHandler                        0x080001e3   Thumb Code     0  startup_stm32f429xx.o(.text)
    USART6_IRQHandler                        0x080001e3   Thumb Code     0  startup_stm32f429xx.o(.text)
    WWDG_IRQHandler                          0x080001e3   Thumb Code     0  startup_stm32f429xx.o(.text)
    __aeabi_uldivmod                         0x080001ed   Thumb Code    98  uldiv.o(.text)
    __aeabi_memset                           0x0800024f   Thumb Code    14  memseta.o(.text)
    __aeabi_memset4                          0x0800024f   Thumb Code     0  memseta.o(.text)
    __aeabi_memset8                          0x0800024f   Thumb Code     0  memseta.o(.text)
    __aeabi_memclr                           0x0800025d   Thumb Code     4  memseta.o(.text)
    __aeabi_memclr4                          0x0800025d   Thumb Code     0  memseta.o(.text)
    __aeabi_memclr8                          0x0800025d   Thumb Code     0  memseta.o(.text)
    _memset$wrapper                          0x08000261   Thumb Code    18  memseta.o(.text)
    __cpp_initialize__aeabi_                 0x08000275   Thumb Code    22  cpp_init.o(.text)
    __aeabi_atexit                           0x08000295   Thumb Code    46  aeabi_atexit.o(.text)
    __aeabi_dmul                             0x080002c3   Thumb Code   228  dmul.o(.text)
    __aeabi_ui2d                             0x080003a7   Thumb Code    26  dfltui.o(.text)
    __aeabi_d2uiz                            0x080003c1   Thumb Code    50  dfixui.o(.text)
    __aeabi_llsl                             0x080003f3   Thumb Code    30  llshl.o(.text)
    _ll_shift_l                              0x080003f3   Thumb Code     0  llshl.o(.text)
    __aeabi_llsr                             0x08000411   Thumb Code    32  llushr.o(.text)
    _ll_ushift_r                             0x08000411   Thumb Code     0  llushr.o(.text)
    __I$use$fp                               0x08000431   Thumb Code     0  iusefp.o(.text)
    __rt_ddtor_pointer_addr                  0x08000431   Thumb Code     4  cpp_dtor.o(.text)
    __cxa_finalize                           0x08000439   Thumb Code    66  cxa_finalize.o(.text)
    _double_round                            0x0800047b   Thumb Code    30  depilogue.o(.text)
    _double_epilogue                         0x08000499   Thumb Code   156  depilogue.o(.text)
    __scatterload                            0x08000535   Thumb Code    28  init.o(.text)
    __scatterload_rt2                        0x08000535   Thumb Code     0  init.o(.text)
    __rt_lib_shutdown_cpp_2                  0x08000559   Thumb Code     2  cpp_final.o(.text)
    BusFault_Handler                         0x0800055b   Thumb Code     2  stm32f4xx_it.o(i.BusFault_Handler)
    DMA2D_IRQHandler                         0x080005c5   Thumb Code     6  stm32f4xx_it.o(i.DMA2D_IRQHandler)
    DebugMon_Handler                         0x080005d1   Thumb Code     2  stm32f4xx_it.o(i.DebugMon_Handler)
    FMC_NORSRAM_Extended_Timing_Init         0x080005d5   Thumb Code    60  stm32f4xx_ll_fmc.o(i.FMC_NORSRAM_Extended_Timing_Init)
    FMC_NORSRAM_Init                         0x08000615   Thumb Code   104  stm32f4xx_ll_fmc.o(i.FMC_NORSRAM_Init)
    FMC_NORSRAM_Timing_Init                  0x08000681   Thumb Code    86  stm32f4xx_ll_fmc.o(i.FMC_NORSRAM_Timing_Init)
    HAL_CRC_Init                             0x080006dd   Thumb Code    34  stm32f4xx_hal_crc.o(i.HAL_CRC_Init)
    HAL_CRC_MspInit                          0x08000701   Thumb Code    30  stm32f4xx_hal_msp.o(i.HAL_CRC_MspInit)
    HAL_DMA2D_CLUTLoadingCpltCallback        0x08000729   Thumb Code     2  stm32f4xx_hal_dma2d.o(i.HAL_DMA2D_CLUTLoadingCpltCallback)
    HAL_DMA2D_ConfigLayer                    0x0800072d   Thumb Code   158  stm32f4xx_hal_dma2d.o(i.HAL_DMA2D_ConfigLayer)
    HAL_DMA2D_IRQHandler                     0x080007d1   Thumb Code   286  stm32f4xx_hal_dma2d.o(i.HAL_DMA2D_IRQHandler)
    HAL_DMA2D_Init                           0x080008ef   Thumb Code    90  stm32f4xx_hal_dma2d.o(i.HAL_DMA2D_Init)
    HAL_DMA2D_LineEventCallback              0x08000949   Thumb Code     2  stm32f4xx_hal_dma2d.o(i.HAL_DMA2D_LineEventCallback)
    HAL_DMA2D_MspInit                        0x0800094d   Thumb Code    50  stm32f4xx_hal_msp.o(i.HAL_DMA2D_MspInit)
    HAL_GPIO_Init                            0x080009f9   Thumb Code   436  stm32f4xx_hal_gpio.o(i.HAL_GPIO_Init)
    HAL_GPIO_WritePin                        0x08000be1   Thumb Code    10  stm32f4xx_hal_gpio.o(i.HAL_GPIO_WritePin)
    HAL_GetTick                              0x08000bed   Thumb Code     6  stm32f4xx_hal.o(i.HAL_GetTick)
    HAL_IncTick                              0x08000bf9   Thumb Code    12  stm32f4xx_hal.o(i.HAL_IncTick)
    HAL_Init                                 0x08000c09   Thumb Code    48  stm32f4xx_hal.o(i.HAL_Init)
    HAL_InitTick                             0x08000c3d   Thumb Code    54  stm32f4xx_hal.o(i.HAL_InitTick)
    HAL_MspInit                              0x08000c7d   Thumb Code    42  stm32f4xx_hal_msp.o(i.HAL_MspInit)
    HAL_NVIC_EnableIRQ                       0x08000cad   Thumb Code    26  stm32f4xx_hal_cortex.o(i.HAL_NVIC_EnableIRQ)
    HAL_NVIC_SetPriority                     0x08000cc9   Thumb Code    60  stm32f4xx_hal_cortex.o(i.HAL_NVIC_SetPriority)
    HAL_NVIC_SetPriorityGrouping             0x08000d09   Thumb Code    26  stm32f4xx_hal_cortex.o(i.HAL_NVIC_SetPriorityGrouping)
    HAL_PWREx_EnableOverDrive                0x08000d2d   Thumb Code   100  stm32f4xx_hal_pwr_ex.o(i.HAL_PWREx_EnableOverDrive)
    HAL_RCC_ClockConfig                      0x08000d9d   Thumb Code   288  stm32f4xx_hal_rcc.o(i.HAL_RCC_ClockConfig)
    HAL_RCC_GetSysClockFreq                  0x08000ed1   Thumb Code    88  stm32f4xx_hal_rcc.o(i.HAL_RCC_GetSysClockFreq)
    HAL_RCC_OscConfig                        0x08000f35   Thumb Code   836  stm32f4xx_hal_rcc.o(i.HAL_RCC_OscConfig)
    HAL_SRAM_Init                            0x0800128d   Thumb Code    86  stm32f4xx_hal_sram.o(i.HAL_SRAM_Init)
    HAL_SRAM_MspInit                         0x080012e3   Thumb Code     4  stm32f4xx_hal_msp.o(i.HAL_SRAM_MspInit)
    HAL_SYSTICK_CLKSourceConfig              0x080012e7   Thumb Code    24  stm32f4xx_hal_cortex.o(i.HAL_SYSTICK_CLKSourceConfig)
    HAL_SYSTICK_Config                       0x080012ff   Thumb Code    40  stm32f4xx_hal_cortex.o(i.HAL_SYSTICK_Config)
    HardFault_Handler                        0x08001327   Thumb Code     2  stm32f4xx_it.o(i.HardFault_Handler)
    LCD_Clear                                0x08001329   Thumb Code    42  lcd.o(i.LCD_Clear)
    LCD_Display_Dir                          0x0800135d   Thumb Code   212  lcd.o(i.LCD_Display_Dir)
    LCD_Init                                 0x08001435   Thumb Code  9008  lcd.o(i.LCD_Init)
    LCD_RD_DATA                              0x08003769   Thumb Code    16  lcd.o(i.LCD_RD_DATA)
    LCD_SSD_BackLightSet                     0x0800377d   Thumb Code    72  lcd.o(i.LCD_SSD_BackLightSet)
    LCD_Scan_Dir                             0x080037cd   Thumb Code   434  lcd.o(i.LCD_Scan_Dir)
    LCD_SetCursor                            0x08003985   Thumb Code   254  lcd.o(i.LCD_SetCursor)
    LCD_Set_Window                           0x08003a89   Thumb Code   354  lcd.o(i.LCD_Set_Window)
    LCD_WR_DATA                              0x08003bf1   Thumb Code    20  lcd.o(i.LCD_WR_DATA)
    LCD_WR_REG                               0x08003c09   Thumb Code    20  lcd.o(i.LCD_WR_REG)
    LCD_WriteRAM_Prepare                     0x08003c21   Thumb Code    10  lcd.o(i.LCD_WriteRAM_Prepare)
    LCD_WriteReg                             0x08003c35   Thumb Code    10  lcd.o(i.LCD_WriteReg)
    LCD_update_framebuffer                   0x08003c45   Thumb Code    68  lcd.o(i.LCD_update_framebuffer)
    MemManage_Handler                        0x08003e95   Thumb Code     2  stm32f4xx_it.o(i.MemManage_Handler)
    NMI_Handler                              0x08003e97   Thumb Code     2  stm32f4xx_it.o(i.NMI_Handler)
    PendSV_Handler                           0x08003e99   Thumb Code     2  stm32f4xx_it.o(i.PendSV_Handler)
    SVC_Handler                              0x08003e9b   Thumb Code     2  stm32f4xx_it.o(i.SVC_Handler)
    SysTick_Handler                          0x08003e9d   Thumb Code     4  stm32f4xx_it.o(i.SysTick_Handler)
    SystemClock_Config                       0x08003ea1   Thumb Code   152  main.o(i.SystemClock_Config)
    SystemInit                               0x08003f41   Thumb Code    12  system_stm32f4xx.o(i.SystemInit)
    UsageFault_Handler                       0x08003f51   Thumb Code     2  stm32f4xx_it.o(i.UsageFault_Handler)
    STM32F4DMA::STM32F4DMA()                 0x08003f55   Thumb Code    48  stm32dma.o(i._ZN10STM32F4DMAC1Ev)
    STM32F4DMA::STM32F4DMA__sub_object()     0x08003f55   Thumb Code     0  stm32dma.o(i._ZN10STM32F4DMAC1Ev)
    STM32F4DMA::~STM32F4DMA()                0x08003f8d   Thumb Code    24  stm32dma.o(i._ZN10STM32F4DMAD1Ev)
    STM32F4DMA::~STM32F4DMA__sub_object()    0x08003f8d   Thumb Code     0  stm32dma.o(i._ZN10STM32F4DMAD1Ev)
    TouchGFXHAL::~TouchGFXHAL()              0x08003fad   Thumb Code     2  touchgfxhal.o(i._ZN11TouchGFXHALD1Ev)
    TouchGFXHAL::~TouchGFXHAL__sub_object()  0x08003fad   Thumb Code     0  touchgfxhal.o(i._ZN11TouchGFXHALD1Ev)
    STM32TouchController::~STM32TouchController() 0x08003faf   Thumb Code     2  stm32touchcontroller.o(i._ZN20STM32TouchControllerD1Ev)
    STM32TouchController::~STM32TouchController__sub_object() 0x08003faf   Thumb Code     0  stm32touchcontroller.o(i._ZN20STM32TouchControllerD1Ev)
    ApplicationFontProvider::~ApplicationFontProvider() 0x08003fb1   Thumb Code     2  touchgfxconfiguration.o(i._ZN23ApplicationFontProviderD1Ev)
    ApplicationFontProvider::~ApplicationFontProvider__sub_object() 0x08003fb1   Thumb Code     0  touchgfxconfiguration.o(i._ZN23ApplicationFontProviderD1Ev)
    touchgfx::LockFreeDMA_Queue::LockFreeDMA_Queue(touchgfx::BlitOp*, unsigned long) 0x08003fb5   Thumb Code    16  dma.o(i._ZN8touchgfx17LockFreeDMA_QueueC1EPNS_6BlitOpEm)
    touchgfx::LockFreeDMA_Queue::LockFreeDMA_Queue__sub_object(touchgfx::BlitOp*, unsigned long) 0x08003fb5   Thumb Code     0  dma.o(i._ZN8touchgfx17LockFreeDMA_QueueC1EPNS_6BlitOpEm)
    touchgfx::HAL::HAL__sub_object(touchgfx::DMA_Interface&, touchgfx::LCD&, touchgfx::TouchController&, unsigned short, unsigned short) 0x08003fc9   Thumb Code   148  touchgfxconfiguration.o(i._ZN8touchgfx3HALC2ERNS_13DMA_InterfaceERNS_3LCDERNS_15TouchControllerEtt)
    touchgfx::BlitOp::BlitOp()               0x08004079   Thumb Code     6  stm32dma.o(i._ZN8touchgfx6BlitOpC1Ev)
    touchgfx::BlitOp::BlitOp__sub_object()   0x08004079   Thumb Code     0  stm32dma.o(i._ZN8touchgfx6BlitOpC1Ev)
    touchgfx::LCD16bpp::LCD16bpp()           0x08004081   Thumb Code    64  lcd16bpp.o(i._ZN8touchgfx8LCD16bppC1Ev)
    touchgfx::LCD16bpp::LCD16bpp__sub_object() 0x08004081   Thumb Code     0  lcd16bpp.o(i._ZN8touchgfx8LCD16bppC1Ev)
    touchgfx::LCD16bpp::~LCD16bpp()          0x080040c5   Thumb Code     2  lcd16bpp.o(i._ZN8touchgfx8LCD16bppD1Ev)
    touchgfx::LCD16bpp::~LCD16bpp__sub_object() 0x080040c5   Thumb Code     0  lcd16bpp.o(i._ZN8touchgfx8LCD16bppD1Ev)
    __aeabi_vec_ctor_nocookie_nodtor         0x080040e7   Thumb Code    36  aeabi_vec_ctor_nocookie_nodtor.o(i.__aeabi_vec_ctor_nocookie_nodtor)
    __scatterload_copy                       0x0800410b   Thumb Code    14  handlers.o(i.__scatterload_copy)
    __scatterload_null                       0x08004119   Thumb Code     2  handlers.o(i.__scatterload_null)
    __scatterload_zeroinit                   0x0800411b   Thumb Code    14  handlers.o(i.__scatterload_zeroinit)
    delay_init                               0x080041e9   Thumb Code    16  delay.o(i.delay_init)
    delay_ms                                 0x080041fd   Thumb Code    26  delay.o(i.delay_ms)
    delay_us                                 0x08004219   Thumb Code    48  delay.o(i.delay_us)
    free                                     0x0800424d   Thumb Code    76  malloc.o(i.free)
    main                                     0x0800429d   Thumb Code    88  main.o(i.main)
    malloc                                   0x08004301   Thumb Code    92  malloc.o(i.malloc)
    image_big                                0x0800436c   Data       456012  image.o(.constdata)
    AHBPrescTable                            0x080738b8   Data          16  system_stm32f4xx.o(.constdata)
    vtable for STM32F4DMA                    0x080738c8   Data          80  stm32dma.o(.constdata__ZTV10STM32F4DMA)
    vtable for TouchGFXHAL                   0x08073918   Data         188  touchgfxhal.o(.constdata__ZTV11TouchGFXHAL)
    vtable for STM32TouchController          0x080739d4   Data          24  stm32touchcontroller.o(.constdata__ZTV20STM32TouchController)
    vtable for ApplicationFontProvider       0x080739ec   Data          20  applicationfontprovider.o(.constdata__ZTV23ApplicationFontProvider)
    vtable for touchgfx::LockFreeDMA_Queue   0x08073a00   Data          36  dma.o(.constdata__ZTVN8touchgfx17LockFreeDMA_QueueE)
    vtable for touchgfx::HAL                 0x08073a24   Data         188  hal.o(.constdata__ZTVN8touchgfx3HALE)
    vtable for touchgfx::LCD16bpp            0x08073ae0   Data          80  lcd16bpp.o(.constdata__ZTVN8touchgfx8LCD16bppE)
    Region$$Table$$Base                      0x08073b30   Number         0  anon$$obj.o(Region$$Table)
    Region$$Table$$Limit                     0x08073b60   Number         0  anon$$obj.o(Region$$Table)
    SHT$$INIT_ARRAY$$Base                    0x08073b60   Number         0  touchgfxconfiguration.o(.init_array)
    SHT$$INIT_ARRAY$$Limit                   0x08073b6c   Number         0  cpp_init.o(.init_array)
    hcrc                                     0x10000004   Data           8  main.o(.data)
    uwTickFreq                               0x10000014   Data           1  stm32f4xx_hal.o(.data)
    uwTickPrio                               0x10000018   Data           4  stm32f4xx_hal.o(.data)
    uwTick                                   0x1000001c   Data           4  stm32f4xx_hal.o(.data)
    SystemCoreClock                          0x10000020   Data           4  system_stm32f4xx.o(.data)
    touchgfx::Application::currentScreen     0x10000034   Data           4  application.o(.data)
    touchgfx::Application::currentTransition 0x10000038   Data           4  application.o(.data)
    touchgfx::Application::instance          0x1000003c   Data           4  application.o(.data)
    touchgfx::Application::debugPrinter      0x10000040   Data           4  application.o(.data)
    touchgfx::Application::debugRegionInvalidRect 0x10000044   Data           8  application.o(.data)
    touchgfx::HAL::DISPLAY_ROTATION          0x1000004c   Data           1  hal.o(.data)
    touchgfx::HAL::USE_DOUBLE_BUFFERING      0x1000004d   Data           1  hal.o(.data)
    touchgfx::HAL::USE_ANIMATION_STORAGE     0x1000004e   Data           1  hal.o(.data)
    touchgfx::HAL::isDrawing                 0x1000004f   Data           1  hal.o(.data)
    touchgfx::HAL::DISPLAY_WIDTH             0x10000052   Data           2  hal.o(.data)
    touchgfx::HAL::DISPLAY_HEIGHT            0x10000054   Data           2  hal.o(.data)
    touchgfx::HAL::FRAME_BUFFER_WIDTH        0x10000056   Data           2  hal.o(.data)
    touchgfx::HAL::FRAME_BUFFER_HEIGHT       0x10000058   Data           2  hal.o(.data)
    touchgfx::HAL::instance                  0x1000005c   Data           4  hal.o(.data)
    touchgfx::LCD::defaultColor              0x10000060   Data           4  lcd.o(.data)
    __microlib_freelist                      0x10000068   Data           4  mvars.o(.data)
    __microlib_freelist_initialised          0x1000006c   Data           4  mvars.o(.data)
    lcddev                                   0x10000070   Data          14  lcd.o(.bss)
    __heap_base                              0x10000d98   Data           0  startup_stm32f429xx.o(HEAP)
    __heap_limit                             0x10000f98   Data           0  startup_stm32f429xx.o(HEAP)
    __initial_sp                             0x10001398   Data           0  startup_stm32f429xx.o(STACK)
    hdma2d                                   0x20000000   Data          64  main.o(.bss)
    hsram1                                   0x20000040   Data          80  main.o(.bss)
    framebuffer                              0x20000090   Data       153600  main.o(.bss)



==============================================================================

Memory Map of the image

  Image Entry point : 0x080001ad

  Load Region LR_IROM1 (Base: 0x08000000, Size: 0x00073bdc, Max: 0x00100000, ABSOLUTE)

    Execution Region ER_IROM1 (Exec base: 0x08000000, Load base: 0x08000000, Size: 0x00073b6c, Max: 0x00100000, ABSOLUTE)

    Exec Addr    Load Addr    Size         Type   Attr      Idx    E Section Name        Object

    0x08000000   0x08000000   0x000001ac   Data   RO            3    RESET               startup_stm32f429xx.o
    0x080001ac   0x080001ac   0x00000000   Code   RO         8711  * .ARM.Collect$$$$00000000  mc_w.l(entry.o)
    0x080001ac   0x080001ac   0x00000004   Code   RO         8753    .ARM.Collect$$$$00000001  mc_w.l(entry2.o)
    0x080001b0   0x080001b0   0x00000004   Code   RO         8756    .ARM.Collect$$$$00000004  mc_w.l(entry5.o)
    0x080001b4   0x080001b4   0x00000000   Code   RO         8758    .ARM.Collect$$$$00000008  mc_w.l(entry7b.o)
    0x080001b4   0x080001b4   0x00000004   Code   RO         8759    .ARM.Collect$$$$00000009  mc_w.l(entry8a.o)
    0x080001b8   0x080001b8   0x00000000   Code   RO         8760    .ARM.Collect$$$$0000000A  mc_w.l(entry8b.o)
    0x080001b8   0x080001b8   0x00000008   Code   RO         8761    .ARM.Collect$$$$0000000B  mc_w.l(entry9a.o)
    0x080001c0   0x080001c0   0x00000000   Code   RO         8763    .ARM.Collect$$$$0000000D  mc_w.l(entry10a.o)
    0x080001c0   0x080001c0   0x00000004   Code   RO         8764    .ARM.Collect$$$$0000000E  mc_w.l(entry10b.o)
    0x080001c4   0x080001c4   0x00000000   Code   RO         8765    .ARM.Collect$$$$0000000F  mc_w.l(entry11a.o)
    0x080001c4   0x080001c4   0x00000004   Code   RO         8754    .ARM.Collect$$$$00002712  mc_w.l(entry2.o)
    0x080001c8   0x080001c8   0x00000024   Code   RO            4    .text               startup_stm32f429xx.o
    0x080001ec   0x080001ec   0x00000062   Code   RO         8714    .text               mc_w.l(uldiv.o)
    0x0800024e   0x0800024e   0x00000024   Code   RO         8720    .text               mc_w.l(memseta.o)
    0x08000272   0x08000272   0x00000002   PAD
    0x08000274   0x08000274   0x00000020   Code   RO         8727    .text               mc_w.l(cpp_init.o)
    0x08000294   0x08000294   0x0000002e   Code   RO         8729    .text               mc_w.l(aeabi_atexit.o)
    0x080002c2   0x080002c2   0x000000e4   Code   RO         8731    .text               mf_w.l(dmul.o)
    0x080003a6   0x080003a6   0x0000001a   Code   RO         8733    .text               mf_w.l(dfltui.o)
    0x080003c0   0x080003c0   0x00000032   Code   RO         8735    .text               mf_w.l(dfixui.o)
    0x080003f2   0x080003f2   0x0000001e   Code   RO         8767    .text               mc_w.l(llshl.o)
    0x08000410   0x08000410   0x00000020   Code   RO         8769    .text               mc_w.l(llushr.o)
    0x08000430   0x08000430   0x00000000   Code   RO         8799    .text               mc_w.l(iusefp.o)
    0x08000430   0x08000430   0x00000008   Code   RO         8800    .text               mc_w.l(cpp_dtor.o)
    0x08000438   0x08000438   0x00000042   Code   RO         8805    .text               mc_w.l(cxa_finalize.o)
    0x0800047a   0x0800047a   0x000000ba   Code   RO         8807    .text               mf_w.l(depilogue.o)
    0x08000534   0x08000534   0x00000024   Code   RO         8825    .text               mc_w.l(init.o)
    0x08000558   0x08000558   0x00000002   Code   RO         8829    .text               mc_w.l(cpp_final.o)
    0x0800055a   0x0800055a   0x00000002   Code   RO          469    i.BusFault_Handler  stm32f4xx_it.o
    0x0800055c   0x0800055c   0x00000068   Code   RO          401    i.DMA2D_DisplayFrameAt  main.o
    0x080005c4   0x080005c4   0x0000000c   Code   RO          470    i.DMA2D_IRQHandler  stm32f4xx_it.o
    0x080005d0   0x080005d0   0x00000002   Code   RO          471    i.DebugMon_Handler  stm32f4xx_it.o
    0x080005d2   0x080005d2   0x00000002   PAD
    0x080005d4   0x080005d4   0x00000040   Code   RO         2122    i.FMC_NORSRAM_Extended_Timing_Init  stm32f4xx_ll_fmc.o
    0x08000614   0x08000614   0x0000006c   Code   RO         2123    i.FMC_NORSRAM_Init  stm32f4xx_ll_fmc.o
    0x08000680   0x08000680   0x0000005c   Code   RO         2124    i.FMC_NORSRAM_Timing_Init  stm32f4xx_ll_fmc.o
    0x080006dc   0x080006dc   0x00000022   Code   RO          635    i.HAL_CRC_Init      stm32f4xx_hal_crc.o
    0x080006fe   0x080006fe   0x00000002   PAD
    0x08000700   0x08000700   0x00000028   Code   RO          552    i.HAL_CRC_MspInit   stm32f4xx_hal_msp.o
    0x08000728   0x08000728   0x00000002   Code   RO         1911    i.HAL_DMA2D_CLUTLoadingCpltCallback  stm32f4xx_hal_dma2d.o
    0x0800072a   0x0800072a   0x00000002   PAD
    0x0800072c   0x0800072c   0x000000a4   Code   RO         1919    i.HAL_DMA2D_ConfigLayer  stm32f4xx_hal_dma2d.o
    0x080007d0   0x080007d0   0x0000011e   Code   RO         1926    i.HAL_DMA2D_IRQHandler  stm32f4xx_hal_dma2d.o
    0x080008ee   0x080008ee   0x0000005a   Code   RO         1927    i.HAL_DMA2D_Init    stm32f4xx_hal_dma2d.o
    0x08000948   0x08000948   0x00000002   Code   RO         1928    i.HAL_DMA2D_LineEventCallback  stm32f4xx_hal_dma2d.o
    0x0800094a   0x0800094a   0x00000002   PAD
    0x0800094c   0x0800094c   0x0000003c   Code   RO          554    i.HAL_DMA2D_MspInit  stm32f4xx_hal_msp.o
    0x08000988   0x08000988   0x00000070   Code   RO          555    i.HAL_FMC_MspInit   stm32f4xx_hal_msp.o
    0x080009f8   0x080009f8   0x000001e8   Code   RO         1098    i.HAL_GPIO_Init     stm32f4xx_hal_gpio.o
    0x08000be0   0x08000be0   0x0000000a   Code   RO         1102    i.HAL_GPIO_WritePin  stm32f4xx_hal_gpio.o
    0x08000bea   0x08000bea   0x00000002   PAD
    0x08000bec   0x08000bec   0x0000000c   Code   RO         1650    i.HAL_GetTick       stm32f4xx_hal.o
    0x08000bf8   0x08000bf8   0x00000010   Code   RO         1656    i.HAL_IncTick       stm32f4xx_hal.o
    0x08000c08   0x08000c08   0x00000034   Code   RO         1657    i.HAL_Init          stm32f4xx_hal.o
    0x08000c3c   0x08000c3c   0x00000040   Code   RO         1658    i.HAL_InitTick      stm32f4xx_hal.o
    0x08000c7c   0x08000c7c   0x00000030   Code   RO          556    i.HAL_MspInit       stm32f4xx_hal_msp.o
    0x08000cac   0x08000cac   0x0000001a   Code   RO         1505    i.HAL_NVIC_EnableIRQ  stm32f4xx_hal_cortex.o
    0x08000cc6   0x08000cc6   0x00000002   PAD
    0x08000cc8   0x08000cc8   0x00000040   Code   RO         1511    i.HAL_NVIC_SetPriority  stm32f4xx_hal_cortex.o
    0x08000d08   0x08000d08   0x00000024   Code   RO         1512    i.HAL_NVIC_SetPriorityGrouping  stm32f4xx_hal_cortex.o
    0x08000d2c   0x08000d2c   0x00000070   Code   RO         1434    i.HAL_PWREx_EnableOverDrive  stm32f4xx_hal_pwr_ex.o
    0x08000d9c   0x08000d9c   0x00000134   Code   RO          692    i.HAL_RCC_ClockConfig  stm32f4xx_hal_rcc.o
    0x08000ed0   0x08000ed0   0x00000064   Code   RO          701    i.HAL_RCC_GetSysClockFreq  stm32f4xx_hal_rcc.o
    0x08000f34   0x08000f34   0x00000358   Code   RO          704    i.HAL_RCC_OscConfig  stm32f4xx_hal_rcc.o
    0x0800128c   0x0800128c   0x00000056   Code   RO         2298    i.HAL_SRAM_Init     stm32f4xx_hal_sram.o
    0x080012e2   0x080012e2   0x00000004   Code   RO          558    i.HAL_SRAM_MspInit  stm32f4xx_hal_msp.o
    0x080012e6   0x080012e6   0x00000018   Code   RO         1514    i.HAL_SYSTICK_CLKSourceConfig  stm32f4xx_hal_cortex.o
    0x080012fe   0x080012fe   0x00000028   Code   RO         1516    i.HAL_SYSTICK_Config  stm32f4xx_hal_cortex.o
    0x08001326   0x08001326   0x00000002   Code   RO          472    i.HardFault_Handler  stm32f4xx_it.o
    0x08001328   0x08001328   0x00000034   Code   RO           14    i.LCD_Clear         lcd.o
    0x0800135c   0x0800135c   0x000000d8   Code   RO           18    i.LCD_Display_Dir   lcd.o
    0x08001434   0x08001434   0x00002334   Code   RO           25    i.LCD_Init          lcd.o
    0x08003768   0x08003768   0x00000014   Code   RO           27    i.LCD_RD_DATA       lcd.o
    0x0800377c   0x0800377c   0x00000050   Code   RO           30    i.LCD_SSD_BackLightSet  lcd.o
    0x080037cc   0x080037cc   0x000001b8   Code   RO           31    i.LCD_Scan_Dir      lcd.o
    0x08003984   0x08003984   0x00000104   Code   RO           32    i.LCD_SetCursor     lcd.o
    0x08003a88   0x08003a88   0x00000168   Code   RO           33    i.LCD_Set_Window    lcd.o
    0x08003bf0   0x08003bf0   0x00000018   Code   RO           38    i.LCD_WR_DATA       lcd.o
    0x08003c08   0x08003c08   0x00000018   Code   RO           39    i.LCD_WR_REG        lcd.o
    0x08003c20   0x08003c20   0x00000014   Code   RO           41    i.LCD_WriteRAM_Prepare  lcd.o
    0x08003c34   0x08003c34   0x00000010   Code   RO           42    i.LCD_WriteReg      lcd.o
    0x08003c44   0x08003c44   0x00000048   Code   RO           43    i.LCD_update_framebuffer  lcd.o
    0x08003c8c   0x08003c8c   0x00000040   Code   RO          403    i.MX_DMA2D_Init     main.o
    0x08003ccc   0x08003ccc   0x00000088   Code   RO          404    i.MX_FMC_Init       main.o
    0x08003d54   0x08003d54   0x00000140   Code   RO          405    i.MX_GPIO_Init      main.o
    0x08003e94   0x08003e94   0x00000002   Code   RO          473    i.MemManage_Handler  stm32f4xx_it.o
    0x08003e96   0x08003e96   0x00000002   Code   RO          474    i.NMI_Handler       stm32f4xx_it.o
    0x08003e98   0x08003e98   0x00000002   Code   RO          475    i.PendSV_Handler    stm32f4xx_it.o
    0x08003e9a   0x08003e9a   0x00000002   Code   RO          476    i.SVC_Handler       stm32f4xx_it.o
    0x08003e9c   0x08003e9c   0x00000004   Code   RO          477    i.SysTick_Handler   stm32f4xx_it.o
    0x08003ea0   0x08003ea0   0x000000a0   Code   RO          406    i.SystemClock_Config  main.o
    0x08003f40   0x08003f40   0x00000010   Code   RO         2451    i.SystemInit        system_stm32f4xx.o
    0x08003f50   0x08003f50   0x00000002   Code   RO          478    i.UsageFault_Handler  stm32f4xx_it.o
    0x08003f52   0x08003f52   0x00000002   PAD
    0x08003f54   0x08003f54   0x00000038   Code   RO         3881    i._ZN10STM32F4DMAC1Ev  stm32dma.o
    0x08003f8c   0x08003f8c   0x00000020   Code   RO         3883    i._ZN10STM32F4DMAD1Ev  stm32dma.o
    0x08003fac   0x08003fac   0x00000002   Code   RO         2563    i._ZN11TouchGFXHALD1Ev  touchgfxhal.o
    0x08003fae   0x08003fae   0x00000002   Code   RO         2881    i._ZN20STM32TouchControllerD1Ev  stm32touchcontroller.o
    0x08003fb0   0x08003fb0   0x00000002   Code   RO         3005    i._ZN23ApplicationFontProviderD1Ev  touchgfxconfiguration.o
    0x08003fb2   0x08003fb2   0x00000002   PAD
    0x08003fb4   0x08003fb4   0x00000014   Code   RO         7827    i._ZN8touchgfx17LockFreeDMA_QueueC1EPNS_6BlitOpEm  touchgfx_core.lib(dma.o)
    0x08003fc8   0x08003fc8   0x000000b0   Code   RO         2987    i._ZN8touchgfx3HALC2ERNS_13DMA_InterfaceERNS_3LCDERNS_15TouchControllerEtt  touchgfxconfiguration.o
    0x08004078   0x08004078   0x00000006   Code   RO         3948    i._ZN8touchgfx6BlitOpC1Ev  stm32dma.o
    0x0800407e   0x0800407e   0x00000002   PAD
    0x08004080   0x08004080   0x00000044   Code   RO         6872    i._ZN8touchgfx8LCD16bppC1Ev  touchgfx_core.lib(lcd16bpp.o)
    0x080040c4   0x080040c4   0x00000002   Code   RO         7231    i._ZN8touchgfx8LCD16bppD1Ev  touchgfx_core.lib(lcd16bpp.o)
    0x080040c6   0x080040c6   0x00000020   Code   RO         1518    i.__NVIC_SetPriority  stm32f4xx_hal_cortex.o
    0x080040e6   0x080040e6   0x00000024   Code   RO         8708    i.__aeabi_vec_ctor_nocookie_nodtor  cpprt_w.l(aeabi_vec_ctor_nocookie_nodtor.o)
    0x0800410a   0x0800410a   0x0000000e   Code   RO         8847    i.__scatterload_copy  mc_w.l(handlers.o)
    0x08004118   0x08004118   0x00000002   Code   RO         8848    i.__scatterload_null  mc_w.l(handlers.o)
    0x0800411a   0x0800411a   0x0000000e   Code   RO         8849    i.__scatterload_zeroinit  mc_w.l(handlers.o)
    0x08004128   0x08004128   0x0000001c   Code   RO         7417    i.__sti___15_Application_cpp  touchgfx_core.lib(application.o)
    0x08004144   0x08004144   0x00000098   Code   RO         2951    i.__sti___25_TouchGFXConfiguration_cpp_f5abfd34  touchgfxconfiguration.o
    0x080041dc   0x080041dc   0x0000000c   Code   RO         8186    i.__sti___7_LCD_cpp  touchgfx_core.lib(lcd.o)
    0x080041e8   0x080041e8   0x00000014   Code   RO          363    i.delay_init        delay.o
    0x080041fc   0x080041fc   0x0000001a   Code   RO          364    i.delay_ms          delay.o
    0x08004216   0x08004216   0x00000002   PAD
    0x08004218   0x08004218   0x00000034   Code   RO          365    i.delay_us          delay.o
    0x0800424c   0x0800424c   0x00000050   Code   RO         8771    i.free              mc_w.l(malloc.o)
    0x0800429c   0x0800429c   0x00000064   Code   RO          407    i.main              main.o
    0x08004300   0x08004300   0x0000006c   Code   RO         8772    i.malloc            mc_w.l(malloc.o)
    0x0800436c   0x0800436c   0x0006f54c   Data   RO          616    .constdata          image.o
    0x080738b8   0x080738b8   0x00000010   Data   RO         2452    .constdata          system_stm32f4xx.o
    0x080738c8   0x080738c8   0x00000050   Data   RO         3935    .constdata__ZTV10STM32F4DMA  stm32dma.o
    0x08073918   0x08073918   0x000000bc   Data   RO         2562    .constdata__ZTV11TouchGFXHAL  touchgfxhal.o
    0x080739d4   0x080739d4   0x00000018   Data   RO         2880    .constdata__ZTV20STM32TouchController  stm32touchcontroller.o
    0x080739ec   0x080739ec   0x00000014   Data   RO         5120    .constdata__ZTV23ApplicationFontProvider  applicationfontprovider.o
    0x08073a00   0x08073a00   0x00000024   Data   RO         7873    .constdata__ZTVN8touchgfx17LockFreeDMA_QueueE  touchgfx_core.lib(dma.o)
    0x08073a24   0x08073a24   0x000000bc   Data   RO         8102    .constdata__ZTVN8touchgfx3HALE  touchgfx_core.lib(hal.o)
    0x08073ae0   0x08073ae0   0x00000050   Data   RO         7048    .constdata__ZTVN8touchgfx8LCD16bppE  touchgfx_core.lib(lcd16bpp.o)
    0x08073b30   0x08073b30   0x00000030   Data   RO         8846    Region$$Table       anon$$obj.o
    0x08073b60   0x08073b60   0x00000004   Data   RO         2959    .init_array         touchgfxconfiguration.o
    0x08073b64   0x08073b60   0x00000004   Data   RO         7450    .init_array         touchgfx_core.lib(application.o)
    0x08073b68   0x08073b60   0x00000004   Data   RO         8214    .init_array         touchgfx_core.lib(lcd.o)
    0x08073b6c   0x08073b60   0x00000000   Data   RO         8725    .init_array         mc_w.l(cpp_init.o)


    Execution Region RW_IRAM2 (Exec base: 0x10000000, Load base: 0x08073b6c, Size: 0x00001398, Max: 0x00010000, ABSOLUTE)

    Exec Addr    Load Addr    Size         Type   Attr      Idx    E Section Name        Object

    0x10000000   0x08073b6c   0x00000004   Data   RW          366    .data               delay.o
    0x10000004   0x08073b70   0x00000008   Data   RW          409    .data               main.o
    0x1000000c   0x08073b78   0x00000008   Data   RW          559    .data               stm32f4xx_hal_msp.o
    0x10000014   0x08073b80   0x0000000c   Data   RW         1664    .data               stm32f4xx_hal.o
    0x10000020   0x08073b8c   0x00000004   Data   RW         2454    .data               system_stm32f4xx.o
    0x10000024   0x08073b90   0x0000000c   Data   RW         2958    .data               touchgfxconfiguration.o
    0x10000030   0x08073b9c   0x0000001c   Data   RW         7449    .data               touchgfx_core.lib(application.o)
    0x1000004c   0x08073bb8   0x00000014   Data   RW         8066    .data               touchgfx_core.lib(hal.o)
    0x10000060   0x08073bcc   0x00000004   Data   RW         8213    .data               touchgfx_core.lib(lcd.o)
    0x10000064   0x08073bd0   0x00000004   Data   RW         8801    .data               mc_w.l(cpp_dtor.o)
    0x10000068   0x08073bd4   0x00000004   Data   RW         8827    .data               mc_w.l(mvars.o)
    0x1000006c   0x08073bd8   0x00000004   Data   RW         8828    .data               mc_w.l(mvars.o)
    0x10000070        -       0x0000000e   Zero   RW           45    .bss                lcd.o
    0x1000007e   0x08073bdc   0x00000002   PAD
    0x10000080        -       0x00000d14   Zero   RW         2957    .bss                touchgfxconfiguration.o
    0x10000d94   0x08073bdc   0x00000004   PAD
    0x10000d98        -       0x00000200   Zero   RW            2    HEAP                startup_stm32f429xx.o
    0x10000f98        -       0x00000400   Zero   RW            1    STACK               startup_stm32f429xx.o


    Execution Region RW_IRAM1 (Exec base: 0x20000000, Load base: 0x08073b6c, Size: 0x00025890, Max: 0x00030000, ABSOLUTE)

    Exec Addr    Load Addr    Size         Type   Attr      Idx    E Section Name        Object

    0x20000000        -       0x00025890   Zero   RW          408    .bss                main.o


==============================================================================

Image component sizes


      Code (inc. data)   RO Data    RW Data    ZI Data      Debug   Object Name

         0          0         20          0          0          0   applicationfontprovider.o
        98          8          0          4          0       2211   delay.o
         0          0     456012          0          0        670   image.o
     10596        104          0          0         14     751629   lcd.o
       884         74          0          8     153744       5725   main.o
        36          8        428          0       1536        888   startup_stm32f429xx.o
        94         16         80          0          0     663167   stm32dma.o
       144         24          0         12          0       9389   stm32f4xx_hal.o
       222         14          0          0          0      35009   stm32f4xx_hal_cortex.o
        34          0          0          0          0       1179   stm32f4xx_hal_crc.o
       544          6          0          0          0       4758   stm32f4xx_hal_dma2d.o
       498         52          0          0          0       2512   stm32f4xx_hal_gpio.o
       264         42          0          8          0       3959   stm32f4xx_hal_msp.o
       112         12          0          0          0       1436   stm32f4xx_hal_pwr_ex.o
      1264         52          0          0          0       4454   stm32f4xx_hal_rcc.o
        86          0          0          0          0       1348   stm32f4xx_hal_sram.o
        32          6          0          0          0       5297   stm32f4xx_it.o
       264         14          0          0          0       3044   stm32f4xx_ll_fmc.o
         2          0         24          0          0        116   stm32touchcontroller.o
        16          4         16          4          0       1331   system_stm32f4xx.o
       330         78          4         12       3348      78988   touchgfxconfiguration.o
         2          0        188          0          0       4925   touchgfxhal.o

    ----------------------------------------------------------------------
     15542        514     456820         48     158648    1582035   Object Totals
         0          0         48          0          0          0   (incl. Generated)
        20          0          0          0          6          0   (incl. Padding)

    ----------------------------------------------------------------------

      Code (inc. data)   RO Data    RW Data    ZI Data      Debug   Library Member Name

        36          0          0          0          0         84   aeabi_vec_ctor_nocookie_nodtor.o
        46          0          0          0          0         84   aeabi_atexit.o
         8          4          0          4          0         68   cpp_dtor.o
         2          0          0          0          0         68   cpp_final.o
        32         10          0          0          0         80   cpp_init.o
        66          0          0          0          0         84   cxa_finalize.o
         0          0          0          0          0          0   entry.o
         0          0          0          0          0          0   entry10a.o
         4          0          0          0          0          0   entry10b.o
         0          0          0          0          0          0   entry11a.o
         8          4          0          0          0          0   entry2.o
         4          0          0          0          0          0   entry5.o
         0          0          0          0          0          0   entry7b.o
         4          0          0          0          0          0   entry8a.o
         0          0          0          0          0          0   entry8b.o
         8          4          0          0          0          0   entry9a.o
        30          0          0          0          0          0   handlers.o
        36          8          0          0          0         68   init.o
         0          0          0          0          0          0   iusefp.o
        30          0          0          0          0         68   llshl.o
        32          0          0          0          0         68   llushr.o
       188         20          0          0          0        160   malloc.o
        36          0          0          0          0        108   memseta.o
         0          0          0          8          0          0   mvars.o
        98          0          0          0          0         92   uldiv.o
       186          0          0          0          0        176   depilogue.o
        50          0          0          0          0         76   dfixui.o
        26          0          0          0          0         76   dfltui.o
       228          0          0          0          0         96   dmul.o
        28          4          4         28          0        116   application.o
        20          4         36          0          0        116   dma.o
         0          0        188         20          0          0   hal.o
        12          4          4          4          0        116   lcd.o
        70          4         80          0          0        232   lcd16bpp.o

    ----------------------------------------------------------------------
      1290         66        312         64          0       2036   Library Totals
         2          0          0          0          0          0   (incl. Padding)

    ----------------------------------------------------------------------

      Code (inc. data)   RO Data    RW Data    ZI Data      Debug   Library Name

        36          0          0          0          0         84   cpprt_w.l
       632         50          0         12          0        948   mc_w.l
       490          0          0          0          0        424   mf_w.l
       130         16        312         52          0        580   touchgfx_core.lib

    ----------------------------------------------------------------------
      1290         66        312         64          0       2036   Library Totals

    ----------------------------------------------------------------------

==============================================================================


      Code (inc. data)   RO Data    RW Data    ZI Data      Debug   

     16832        580     457132        112     158648    1576699   Grand Totals
     16832        580     457132        112     158648    1576699   ELF Image Totals
     16832        580     457132        112          0          0   ROM Totals

==============================================================================

    Total RO  Size (Code + RO Data)               473964 ( 462.86kB)
    Total RW  Size (RW Data + ZI Data)            158760 ( 155.04kB)
    Total ROM Size (Code + RO Data + RW Data)     474076 ( 462.96kB)

==============================================================================

